Archive member included to satisfy reference by file (symbol)

c:/mounriver/mounriver_studio2/resources/app/resources/win32/components/wch/toolchain/risc-v embedded gcc/bin/../lib/gcc/riscv-none-embed/8.2.0/../../../../riscv-none-embed/lib/rv32ecxw/ilp32e\libprintf.a(wchprintf.o)
                              ./User/main.o (sprintf)
c:/mounriver/mounriver_studio2/resources/app/resources/win32/components/wch/toolchain/risc-v embedded gcc/bin/../lib/gcc/riscv-none-embed/8.2.0/rv32ecxw/ilp32e\libgcc.a(save-restore.o)
                              ./User/main.o (__riscv_save_2)
c:/mounriver/mounriver_studio2/resources/app/resources/win32/components/wch/toolchain/risc-v embedded gcc/bin/../lib/gcc/riscv-none-embed/8.2.0/rv32ecxw/ilp32e\libgcc.a(muldi3.o)
                              ./User/main.o (__mulsi3)
c:/mounriver/mounriver_studio2/resources/app/resources/win32/components/wch/toolchain/risc-v embedded gcc/bin/../lib/gcc/riscv-none-embed/8.2.0/rv32ecxw/ilp32e\libgcc.a(div.o)
                              ./User/main.o (__divsi3)
c:/mounriver/mounriver_studio2/resources/app/resources/win32/components/wch/toolchain/risc-v embedded gcc/bin/../lib/gcc/riscv-none-embed/8.2.0/../../../../riscv-none-embed/lib/rv32ecxw/ilp32e\libg_nano.a(lib_a-memcpy.o)
                              ./User/st7735.o (memcpy)
c:/mounriver/mounriver_studio2/resources/app/resources/win32/components/wch/toolchain/risc-v embedded gcc/bin/../lib/gcc/riscv-none-embed/8.2.0/../../../../riscv-none-embed/lib/rv32ecxw/ilp32e\libg_nano.a(lib_a-memset.o)
                              ./User/main.o (memset)

Discarded input sections

 .text          0x0000000000000000        0x0 ./User/ch32v00x_it.o
 .data          0x0000000000000000        0x0 ./User/ch32v00x_it.o
 .bss           0x0000000000000000        0x0 ./User/ch32v00x_it.o
 .text          0x0000000000000000        0x0 ./User/delay.o
 .data          0x0000000000000000        0x0 ./User/delay.o
 .bss           0x0000000000000000        0x0 ./User/delay.o
 .text.delay_init
                0x0000000000000000       0x44 ./User/delay.o
 .text.delay_ms
                0x0000000000000000       0x18 ./User/delay.o
 .bss.delay_cnt
                0x0000000000000000        0x4 ./User/delay.o
 .debug_info    0x0000000000000000      0xd3b ./User/delay.o
 .debug_abbrev  0x0000000000000000      0x2aa ./User/delay.o
 .debug_loc     0x0000000000000000       0x14 ./User/delay.o
 .debug_aranges
                0x0000000000000000       0x28 ./User/delay.o
 .debug_ranges  0x0000000000000000       0x30 ./User/delay.o
 .debug_line    0x0000000000000000      0x3e4 ./User/delay.o
 .debug_str     0x0000000000000000      0x818 ./User/delay.o
 .comment       0x0000000000000000       0x34 ./User/delay.o
 .debug_frame   0x0000000000000000       0x3c ./User/delay.o
 .text          0x0000000000000000        0x0 ./User/main.o
 .data          0x0000000000000000        0x0 ./User/main.o
 .bss           0x0000000000000000        0x0 ./User/main.o
 .text.get_ADC  0x0000000000000000       0x52 ./User/main.o
 .data.sine_tbl
                0x0000000000000000       0x7c ./User/main.o
 .text          0x0000000000000000        0x0 ./User/st7735.o
 .data          0x0000000000000000        0x0 ./User/st7735.o
 .bss           0x0000000000000000        0x0 ./User/st7735.o
 .text.tft_print_number
                0x0000000000000000       0xc8 ./User/st7735.o
 .text.tft_draw_bitmap
                0x0000000000000000       0x8e ./User/st7735.o
 .bss.str.4166  0x0000000000000000        0xc ./User/st7735.o
 .text          0x0000000000000000        0x0 ./User/system_ch32v00x.o
 .data          0x0000000000000000        0x0 ./User/system_ch32v00x.o
 .bss           0x0000000000000000        0x0 ./User/system_ch32v00x.o
 .text          0x0000000000000000        0x0 ./User/uart.o
 .data          0x0000000000000000        0x0 ./User/uart.o
 .bss           0x0000000000000000        0x0 ./User/uart.o
 .text.uart_init
                0x0000000000000000       0x56 ./User/uart.o
 .text.uart_send_ch
                0x0000000000000000       0x18 ./User/uart.o
 .text.uart_send_str
                0x0000000000000000       0x24 ./User/uart.o
 .text.uart_recv_ch
                0x0000000000000000       0x1c ./User/uart.o
 .debug_info    0x0000000000000000      0xbc4 ./User/uart.o
 .debug_abbrev  0x0000000000000000      0x23b ./User/uart.o
 .debug_loc     0x0000000000000000       0x3f ./User/uart.o
 .debug_aranges
                0x0000000000000000       0x38 ./User/uart.o
 .debug_ranges  0x0000000000000000       0x28 ./User/uart.o
 .debug_line    0x0000000000000000      0x467 ./User/uart.o
 .debug_str     0x0000000000000000      0x6c8 ./User/uart.o
 .comment       0x0000000000000000       0x34 ./User/uart.o
 .debug_frame   0x0000000000000000       0x60 ./User/uart.o
 .text          0x0000000000000000        0x0 ./Startup/startup_ch32v00x.o
 .data          0x0000000000000000        0x0 ./Startup/startup_ch32v00x.o
 .bss           0x0000000000000000        0x0 ./Startup/startup_ch32v00x.o
 .text          0x0000000000000000        0x0 ./Peripheral/src/ch32v00x_adc.o
 .data          0x0000000000000000        0x0 ./Peripheral/src/ch32v00x_adc.o
 .bss           0x0000000000000000        0x0 ./Peripheral/src/ch32v00x_adc.o
 .text.ADC_StructInit
                0x0000000000000000       0x1a ./Peripheral/src/ch32v00x_adc.o
 .text.ADC_ITConfig
                0x0000000000000000       0x16 ./Peripheral/src/ch32v00x_adc.o
 .text.ADC_GetSoftwareStartConvStatus
                0x0000000000000000        0x8 ./Peripheral/src/ch32v00x_adc.o
 .text.ADC_DiscModeChannelCountConfig
                0x0000000000000000       0x12 ./Peripheral/src/ch32v00x_adc.o
 .text.ADC_DiscModeCmd
                0x0000000000000000       0x1a ./Peripheral/src/ch32v00x_adc.o
 .text.ADC_ExternalTrigConvCmd
                0x0000000000000000       0x18 ./Peripheral/src/ch32v00x_adc.o
 .text.ADC_GetConversionValue
                0x0000000000000000        0x8 ./Peripheral/src/ch32v00x_adc.o
 .text.ADC_AutoInjectedConvCmd
                0x0000000000000000       0x12 ./Peripheral/src/ch32v00x_adc.o
 .text.ADC_InjectedDiscModeCmd
                0x0000000000000000       0x14 ./Peripheral/src/ch32v00x_adc.o
 .text.ADC_ExternalTrigInjectedConvConfig
                0x0000000000000000        0xe ./Peripheral/src/ch32v00x_adc.o
 .text.ADC_ExternalTrigInjectedConvCmd
                0x0000000000000000       0x14 ./Peripheral/src/ch32v00x_adc.o
 .text.ADC_SoftwareStartInjectedConvCmd
                0x0000000000000000       0x18 ./Peripheral/src/ch32v00x_adc.o
 .text.ADC_GetSoftwareStartInjectedConvCmdStatus
                0x0000000000000000        0x8 ./Peripheral/src/ch32v00x_adc.o
 .text.ADC_InjectedChannelConfig
                0x0000000000000000       0x7a ./Peripheral/src/ch32v00x_adc.o
 .text.ADC_InjectedSequencerLengthConfig
                0x0000000000000000       0x14 ./Peripheral/src/ch32v00x_adc.o
 .text.ADC_SetInjectedOffset
                0x0000000000000000       0x14 ./Peripheral/src/ch32v00x_adc.o
 .text.ADC_GetInjectedConversionValue
                0x0000000000000000       0x1c ./Peripheral/src/ch32v00x_adc.o
 .text.ADC_AnalogWatchdogCmd
                0x0000000000000000       0x12 ./Peripheral/src/ch32v00x_adc.o
 .text.ADC_AnalogWatchdogThresholdsConfig
                0x0000000000000000        0x6 ./Peripheral/src/ch32v00x_adc.o
 .text.ADC_AnalogWatchdogSingleChannelConfig
                0x0000000000000000        0xa ./Peripheral/src/ch32v00x_adc.o
 .text.ADC_GetFlagStatus
                0x0000000000000000        0xa ./Peripheral/src/ch32v00x_adc.o
 .text.ADC_ClearFlag
                0x0000000000000000        0x8 ./Peripheral/src/ch32v00x_adc.o
 .text.ADC_GetITStatus
                0x0000000000000000       0x1c ./Peripheral/src/ch32v00x_adc.o
 .text.ADC_ClearITPendingBit
                0x0000000000000000        0xa ./Peripheral/src/ch32v00x_adc.o
 .text.ADC_ExternalTrig_DLY
                0x0000000000000000       0x16 ./Peripheral/src/ch32v00x_adc.o
 .text          0x0000000000000000        0x0 ./Peripheral/src/ch32v00x_dbgmcu.o
 .data          0x0000000000000000        0x0 ./Peripheral/src/ch32v00x_dbgmcu.o
 .bss           0x0000000000000000        0x0 ./Peripheral/src/ch32v00x_dbgmcu.o
 .text.DBGMCU_GetREVID
                0x0000000000000000        0xa ./Peripheral/src/ch32v00x_dbgmcu.o
 .text.DBGMCU_GetDEVID
                0x0000000000000000        0xa ./Peripheral/src/ch32v00x_dbgmcu.o
 .text.__get_DEBUG_CR
                0x0000000000000000        0x6 ./Peripheral/src/ch32v00x_dbgmcu.o
 .text.__set_DEBUG_CR
                0x0000000000000000        0x6 ./Peripheral/src/ch32v00x_dbgmcu.o
 .text.DBGMCU_Config
                0x0000000000000000       0x14 ./Peripheral/src/ch32v00x_dbgmcu.o
 .text.DBGMCU_GetCHIPID
                0x0000000000000000        0xa ./Peripheral/src/ch32v00x_dbgmcu.o
 .debug_info    0x0000000000000000      0xa94 ./Peripheral/src/ch32v00x_dbgmcu.o
 .debug_abbrev  0x0000000000000000      0x2f7 ./Peripheral/src/ch32v00x_dbgmcu.o
 .debug_loc     0x0000000000000000       0x6e ./Peripheral/src/ch32v00x_dbgmcu.o
 .debug_aranges
                0x0000000000000000       0x48 ./Peripheral/src/ch32v00x_dbgmcu.o
 .debug_ranges  0x0000000000000000       0x50 ./Peripheral/src/ch32v00x_dbgmcu.o
 .debug_line    0x0000000000000000      0x3e5 ./Peripheral/src/ch32v00x_dbgmcu.o
 .debug_str     0x0000000000000000      0x643 ./Peripheral/src/ch32v00x_dbgmcu.o
 .comment       0x0000000000000000       0x34 ./Peripheral/src/ch32v00x_dbgmcu.o
 .debug_frame   0x0000000000000000       0x70 ./Peripheral/src/ch32v00x_dbgmcu.o
 .text          0x0000000000000000        0x0 ./Peripheral/src/ch32v00x_dma.o
 .data          0x0000000000000000        0x0 ./Peripheral/src/ch32v00x_dma.o
 .bss           0x0000000000000000        0x0 ./Peripheral/src/ch32v00x_dma.o
 .text.DMA_StructInit
                0x0000000000000000       0x2e ./Peripheral/src/ch32v00x_dma.o
 .text.DMA_SetCurrDataCounter
                0x0000000000000000        0x4 ./Peripheral/src/ch32v00x_dma.o
 .text.DMA_GetCurrDataCounter
                0x0000000000000000        0x8 ./Peripheral/src/ch32v00x_dma.o
 .text.DMA_ClearFlag
                0x0000000000000000        0x8 ./Peripheral/src/ch32v00x_dma.o
 .text          0x0000000000000000        0x0 ./Peripheral/src/ch32v00x_exti.o
 .data          0x0000000000000000        0x0 ./Peripheral/src/ch32v00x_exti.o
 .bss           0x0000000000000000        0x0 ./Peripheral/src/ch32v00x_exti.o
 .text.EXTI_DeInit
                0x0000000000000000       0x22 ./Peripheral/src/ch32v00x_exti.o
 .text.EXTI_Init
                0x0000000000000000       0x6a ./Peripheral/src/ch32v00x_exti.o
 .text.EXTI_StructInit
                0x0000000000000000       0x12 ./Peripheral/src/ch32v00x_exti.o
 .text.EXTI_GenerateSWInterrupt
                0x0000000000000000       0x10 ./Peripheral/src/ch32v00x_exti.o
 .text.EXTI_GetFlagStatus
                0x0000000000000000       0x12 ./Peripheral/src/ch32v00x_exti.o
 .text.EXTI_ClearFlag
                0x0000000000000000        0xa ./Peripheral/src/ch32v00x_exti.o
 .text.EXTI_GetITStatus
                0x0000000000000000       0x1e ./Peripheral/src/ch32v00x_exti.o
 .text.EXTI_ClearITPendingBit
                0x0000000000000000        0xa ./Peripheral/src/ch32v00x_exti.o
 .debug_info    0x0000000000000000      0xc05 ./Peripheral/src/ch32v00x_exti.o
 .debug_abbrev  0x0000000000000000      0x2da ./Peripheral/src/ch32v00x_exti.o
 .debug_loc     0x0000000000000000      0x181 ./Peripheral/src/ch32v00x_exti.o
 .debug_aranges
                0x0000000000000000       0x50 ./Peripheral/src/ch32v00x_exti.o
 .debug_ranges  0x0000000000000000       0x40 ./Peripheral/src/ch32v00x_exti.o
 .debug_line    0x0000000000000000      0x62b ./Peripheral/src/ch32v00x_exti.o
 .debug_str     0x0000000000000000      0x78a ./Peripheral/src/ch32v00x_exti.o
 .comment       0x0000000000000000       0x34 ./Peripheral/src/ch32v00x_exti.o
 .debug_frame   0x0000000000000000       0x90 ./Peripheral/src/ch32v00x_exti.o
 .text          0x0000000000000000        0x0 ./Peripheral/src/ch32v00x_flash.o
 .data          0x0000000000000000        0x0 ./Peripheral/src/ch32v00x_flash.o
 .bss           0x0000000000000000        0x0 ./Peripheral/src/ch32v00x_flash.o
 .text.ROM_ERASE
                0x0000000000000000       0x60 ./Peripheral/src/ch32v00x_flash.o
 .text.FLASH_SetLatency
                0x0000000000000000        0xe ./Peripheral/src/ch32v00x_flash.o
 .text.FLASH_Unlock
                0x0000000000000000       0x1a ./Peripheral/src/ch32v00x_flash.o
 .text.FLASH_Lock
                0x0000000000000000        0xe ./Peripheral/src/ch32v00x_flash.o
 .text.FLASH_GetUserOptionByte
                0x0000000000000000        0xa ./Peripheral/src/ch32v00x_flash.o
 .text.FLASH_GetWriteProtectionOptionByte
                0x0000000000000000        0x8 ./Peripheral/src/ch32v00x_flash.o
 .text.FLASH_GetReadOutProtectionStatus
                0x0000000000000000        0xc ./Peripheral/src/ch32v00x_flash.o
 .text.FLASH_ITConfig
                0x0000000000000000       0x1e ./Peripheral/src/ch32v00x_flash.o
 .text.FLASH_GetFlagStatus
                0x0000000000000000       0x1e ./Peripheral/src/ch32v00x_flash.o
 .text.FLASH_ClearFlag
                0x0000000000000000        0x8 ./Peripheral/src/ch32v00x_flash.o
 .text.FLASH_GetStatus
                0x0000000000000000       0x18 ./Peripheral/src/ch32v00x_flash.o
 .text.FLASH_GetBank1Status
                0x0000000000000000       0x18 ./Peripheral/src/ch32v00x_flash.o
 .text.FLASH_WaitForLastOperation
                0x0000000000000000       0x34 ./Peripheral/src/ch32v00x_flash.o
 .text.FLASH_ErasePage
                0x0000000000000000       0x4c ./Peripheral/src/ch32v00x_flash.o
 .text.FLASH_EraseAllPages
                0x0000000000000000       0x48 ./Peripheral/src/ch32v00x_flash.o
 .text.FLASH_EraseOptionBytes
                0x0000000000000000       0x9a ./Peripheral/src/ch32v00x_flash.o
 .text.FLASH_ProgramWord
                0x0000000000000000       0x6e ./Peripheral/src/ch32v00x_flash.o
 .text.FLASH_ProgramHalfWord
                0x0000000000000000       0x48 ./Peripheral/src/ch32v00x_flash.o
 .text.FLASH_ProgramOptionByteData
                0x0000000000000000       0x66 ./Peripheral/src/ch32v00x_flash.o
 .text.FLASH_EnableWriteProtection
                0x0000000000000000       0x9e ./Peripheral/src/ch32v00x_flash.o
 .text.FLASH_ReadOutProtection
                0x0000000000000000       0xae ./Peripheral/src/ch32v00x_flash.o
 .text.FLASH_UserOptionByteConfig
                0x0000000000000000       0x7a ./Peripheral/src/ch32v00x_flash.o
 .text.FLASH_WaitForLastBank1Operation
                0x0000000000000000       0x18 ./Peripheral/src/ch32v00x_flash.o
 .text.FLASH_Unlock_Fast
                0x0000000000000000       0x1e ./Peripheral/src/ch32v00x_flash.o
 .text.FLASH_Lock_Fast
                0x0000000000000000        0xe ./Peripheral/src/ch32v00x_flash.o
 .text.FLASH_BufReset
                0x0000000000000000       0x28 ./Peripheral/src/ch32v00x_flash.o
 .text.FLASH_BufLoad
                0x0000000000000000       0x36 ./Peripheral/src/ch32v00x_flash.o
 .text.FLASH_ErasePage_Fast
                0x0000000000000000       0x36 ./Peripheral/src/ch32v00x_flash.o
 .text.FLASH_ProgramPage_Fast
                0x0000000000000000       0x34 ./Peripheral/src/ch32v00x_flash.o
 .text.SystemReset_StartMode
                0x0000000000000000       0x56 ./Peripheral/src/ch32v00x_flash.o
 .text.FLASH_ROM_ERASE
                0x0000000000000000      0x140 ./Peripheral/src/ch32v00x_flash.o
 .text.FLASH_ROM_WRITE
                0x0000000000000000       0xf6 ./Peripheral/src/ch32v00x_flash.o
 .debug_info    0x0000000000000000     0x1481 ./Peripheral/src/ch32v00x_flash.o
 .debug_abbrev  0x0000000000000000      0x3fa ./Peripheral/src/ch32v00x_flash.o
 .debug_loc     0x0000000000000000      0xad0 ./Peripheral/src/ch32v00x_flash.o
 .debug_aranges
                0x0000000000000000      0x110 ./Peripheral/src/ch32v00x_flash.o
 .debug_ranges  0x0000000000000000      0x100 ./Peripheral/src/ch32v00x_flash.o
 .debug_line    0x0000000000000000     0x1c84 ./Peripheral/src/ch32v00x_flash.o
 .debug_str     0x0000000000000000      0xab2 ./Peripheral/src/ch32v00x_flash.o
 .comment       0x0000000000000000       0x34 ./Peripheral/src/ch32v00x_flash.o
 .debug_frame   0x0000000000000000      0x324 ./Peripheral/src/ch32v00x_flash.o
 .text          0x0000000000000000        0x0 ./Peripheral/src/ch32v00x_gpio.o
 .data          0x0000000000000000        0x0 ./Peripheral/src/ch32v00x_gpio.o
 .bss           0x0000000000000000        0x0 ./Peripheral/src/ch32v00x_gpio.o
 .text.GPIO_DeInit
                0x0000000000000000       0x68 ./Peripheral/src/ch32v00x_gpio.o
 .text.GPIO_StructInit
                0x0000000000000000        0xe ./Peripheral/src/ch32v00x_gpio.o
 .text.GPIO_ReadInputDataBit
                0x0000000000000000        0xa ./Peripheral/src/ch32v00x_gpio.o
 .text.GPIO_ReadInputData
                0x0000000000000000        0x8 ./Peripheral/src/ch32v00x_gpio.o
 .text.GPIO_ReadOutputData
                0x0000000000000000        0x8 ./Peripheral/src/ch32v00x_gpio.o
 .text.GPIO_WriteBit
                0x0000000000000000        0xa ./Peripheral/src/ch32v00x_gpio.o
 .text.GPIO_Write
                0x0000000000000000        0x4 ./Peripheral/src/ch32v00x_gpio.o
 .text.GPIO_PinLockConfig
                0x0000000000000000       0x10 ./Peripheral/src/ch32v00x_gpio.o
 .text.GPIO_PinRemapConfig
                0x0000000000000000       0xc4 ./Peripheral/src/ch32v00x_gpio.o
 .text.GPIO_EXTILineConfig
                0x0000000000000000       0x22 ./Peripheral/src/ch32v00x_gpio.o
 .text.GPIO_IPD_Unused
                0x0000000000000000       0xa4 ./Peripheral/src/ch32v00x_gpio.o
 .text          0x0000000000000000        0x0 ./Peripheral/src/ch32v00x_i2c.o
 .data          0x0000000000000000        0x0 ./Peripheral/src/ch32v00x_i2c.o
 .bss           0x0000000000000000        0x0 ./Peripheral/src/ch32v00x_i2c.o
 .text.I2C_DeInit
                0x0000000000000000       0x3a ./Peripheral/src/ch32v00x_i2c.o
 .text.I2C_Init
                0x0000000000000000      0x100 ./Peripheral/src/ch32v00x_i2c.o
 .text.I2C_StructInit
                0x0000000000000000       0x18 ./Peripheral/src/ch32v00x_i2c.o
 .text.I2C_Cmd  0x0000000000000000       0x18 ./Peripheral/src/ch32v00x_i2c.o
 .text.I2C_DMACmd
                0x0000000000000000       0x1e ./Peripheral/src/ch32v00x_i2c.o
 .text.I2C_DMALastTransferCmd
                0x0000000000000000       0x16 ./Peripheral/src/ch32v00x_i2c.o
 .text.I2C_GenerateSTART
                0x0000000000000000       0x1a ./Peripheral/src/ch32v00x_i2c.o
 .text.I2C_GenerateSTOP
                0x0000000000000000       0x1a ./Peripheral/src/ch32v00x_i2c.o
 .text.I2C_AcknowledgeConfig
                0x0000000000000000       0x1a ./Peripheral/src/ch32v00x_i2c.o
 .text.I2C_OwnAddress2Config
                0x0000000000000000       0x14 ./Peripheral/src/ch32v00x_i2c.o
 .text.I2C_DualAddressCmd
                0x0000000000000000       0x18 ./Peripheral/src/ch32v00x_i2c.o
 .text.I2C_GeneralCallCmd
                0x0000000000000000       0x1a ./Peripheral/src/ch32v00x_i2c.o
 .text.I2C_ITConfig
                0x0000000000000000       0x12 ./Peripheral/src/ch32v00x_i2c.o
 .text.I2C_SendData
                0x0000000000000000        0x4 ./Peripheral/src/ch32v00x_i2c.o
 .text.I2C_ReceiveData
                0x0000000000000000        0x8 ./Peripheral/src/ch32v00x_i2c.o
 .text.I2C_Send7bitAddress
                0x0000000000000000       0x12 ./Peripheral/src/ch32v00x_i2c.o
 .text.I2C_ReadRegister
                0x0000000000000000       0x14 ./Peripheral/src/ch32v00x_i2c.o
 .text.I2C_SoftwareResetCmd
                0x0000000000000000       0x12 ./Peripheral/src/ch32v00x_i2c.o
 .text.I2C_NACKPositionConfig
                0x0000000000000000       0x22 ./Peripheral/src/ch32v00x_i2c.o
 .text.I2C_TransmitPEC
                0x0000000000000000       0x16 ./Peripheral/src/ch32v00x_i2c.o
 .text.I2C_PECPositionConfig
                0x0000000000000000       0x18 ./Peripheral/src/ch32v00x_i2c.o
 .text.I2C_CalculatePEC
                0x0000000000000000       0x1a ./Peripheral/src/ch32v00x_i2c.o
 .text.I2C_GetPEC
                0x0000000000000000        0x6 ./Peripheral/src/ch32v00x_i2c.o
 .text.I2C_ARPCmd
                0x0000000000000000       0x18 ./Peripheral/src/ch32v00x_i2c.o
 .text.I2C_StretchClockCmd
                0x0000000000000000       0x1a ./Peripheral/src/ch32v00x_i2c.o
 .text.I2C_FastModeDutyCycleConfig
                0x0000000000000000       0x1a ./Peripheral/src/ch32v00x_i2c.o
 .text.I2C_CheckEvent
                0x0000000000000000       0x16 ./Peripheral/src/ch32v00x_i2c.o
 .text.I2C_GetLastEvent
                0x0000000000000000        0xe ./Peripheral/src/ch32v00x_i2c.o
 .text.I2C_GetFlagStatus
                0x0000000000000000       0x32 ./Peripheral/src/ch32v00x_i2c.o
 .text.I2C_ClearFlag
                0x0000000000000000        0xc ./Peripheral/src/ch32v00x_i2c.o
 .text.I2C_GetITStatus
                0x0000000000000000       0x20 ./Peripheral/src/ch32v00x_i2c.o
 .text.I2C_ClearITPendingBit
                0x0000000000000000        0xc ./Peripheral/src/ch32v00x_i2c.o
 .debug_info    0x0000000000000000     0x1417 ./Peripheral/src/ch32v00x_i2c.o
 .debug_abbrev  0x0000000000000000      0x3a7 ./Peripheral/src/ch32v00x_i2c.o
 .debug_loc     0x0000000000000000      0x720 ./Peripheral/src/ch32v00x_i2c.o
 .debug_aranges
                0x0000000000000000      0x108 ./Peripheral/src/ch32v00x_i2c.o
 .debug_ranges  0x0000000000000000       0xf8 ./Peripheral/src/ch32v00x_i2c.o
 .debug_line    0x0000000000000000     0x10d9 ./Peripheral/src/ch32v00x_i2c.o
 .debug_str     0x0000000000000000      0xaaf ./Peripheral/src/ch32v00x_i2c.o
 .comment       0x0000000000000000       0x34 ./Peripheral/src/ch32v00x_i2c.o
 .debug_frame   0x0000000000000000      0x254 ./Peripheral/src/ch32v00x_i2c.o
 .text          0x0000000000000000        0x0 ./Peripheral/src/ch32v00x_iwdg.o
 .data          0x0000000000000000        0x0 ./Peripheral/src/ch32v00x_iwdg.o
 .bss           0x0000000000000000        0x0 ./Peripheral/src/ch32v00x_iwdg.o
 .text.IWDG_WriteAccessCmd
                0x0000000000000000        0x8 ./Peripheral/src/ch32v00x_iwdg.o
 .text.IWDG_SetPrescaler
                0x0000000000000000        0x8 ./Peripheral/src/ch32v00x_iwdg.o
 .text.IWDG_SetReload
                0x0000000000000000        0x8 ./Peripheral/src/ch32v00x_iwdg.o
 .text.IWDG_ReloadCounter
                0x0000000000000000        0xe ./Peripheral/src/ch32v00x_iwdg.o
 .text.IWDG_Enable
                0x0000000000000000       0x18 ./Peripheral/src/ch32v00x_iwdg.o
 .text.IWDG_GetFlagStatus
                0x0000000000000000        0xe ./Peripheral/src/ch32v00x_iwdg.o
 .debug_info    0x0000000000000000      0xb46 ./Peripheral/src/ch32v00x_iwdg.o
 .debug_abbrev  0x0000000000000000      0x282 ./Peripheral/src/ch32v00x_iwdg.o
 .debug_loc     0x0000000000000000       0x68 ./Peripheral/src/ch32v00x_iwdg.o
 .debug_aranges
                0x0000000000000000       0x48 ./Peripheral/src/ch32v00x_iwdg.o
 .debug_ranges  0x0000000000000000       0x38 ./Peripheral/src/ch32v00x_iwdg.o
 .debug_line    0x0000000000000000      0x44a ./Peripheral/src/ch32v00x_iwdg.o
 .debug_str     0x0000000000000000      0x6f6 ./Peripheral/src/ch32v00x_iwdg.o
 .comment       0x0000000000000000       0x34 ./Peripheral/src/ch32v00x_iwdg.o
 .debug_frame   0x0000000000000000       0x70 ./Peripheral/src/ch32v00x_iwdg.o
 .text          0x0000000000000000        0x0 ./Peripheral/src/ch32v00x_misc.o
 .data          0x0000000000000000        0x0 ./Peripheral/src/ch32v00x_misc.o
 .bss           0x0000000000000000        0x0 ./Peripheral/src/ch32v00x_misc.o
 .text          0x0000000000000000        0x0 ./Peripheral/src/ch32v00x_opa.o
 .data          0x0000000000000000        0x0 ./Peripheral/src/ch32v00x_opa.o
 .bss           0x0000000000000000        0x0 ./Peripheral/src/ch32v00x_opa.o
 .text.OPA_DeInit
                0x0000000000000000       0x16 ./Peripheral/src/ch32v00x_opa.o
 .text.OPA_Init
                0x0000000000000000       0x22 ./Peripheral/src/ch32v00x_opa.o
 .text.OPA_StructInit
                0x0000000000000000        0xa ./Peripheral/src/ch32v00x_opa.o
 .text.OPA_Cmd  0x0000000000000000       0x2c ./Peripheral/src/ch32v00x_opa.o
 .debug_info    0x0000000000000000      0xaa5 ./Peripheral/src/ch32v00x_opa.o
 .debug_abbrev  0x0000000000000000      0x230 ./Peripheral/src/ch32v00x_opa.o
 .debug_loc     0x0000000000000000       0x35 ./Peripheral/src/ch32v00x_opa.o
 .debug_aranges
                0x0000000000000000       0x38 ./Peripheral/src/ch32v00x_opa.o
 .debug_ranges  0x0000000000000000       0x28 ./Peripheral/src/ch32v00x_opa.o
 .debug_line    0x0000000000000000      0x440 ./Peripheral/src/ch32v00x_opa.o
 .debug_str     0x0000000000000000      0x66a ./Peripheral/src/ch32v00x_opa.o
 .comment       0x0000000000000000       0x34 ./Peripheral/src/ch32v00x_opa.o
 .debug_frame   0x0000000000000000       0x50 ./Peripheral/src/ch32v00x_opa.o
 .text          0x0000000000000000        0x0 ./Peripheral/src/ch32v00x_pwr.o
 .data          0x0000000000000000        0x0 ./Peripheral/src/ch32v00x_pwr.o
 .bss           0x0000000000000000        0x0 ./Peripheral/src/ch32v00x_pwr.o
 .text.PWR_DeInit
                0x0000000000000000       0x2c ./Peripheral/src/ch32v00x_pwr.o
 .text.PWR_PVDCmd
                0x0000000000000000       0x14 ./Peripheral/src/ch32v00x_pwr.o
 .text.PWR_PVDLevelConfig
                0x0000000000000000       0x10 ./Peripheral/src/ch32v00x_pwr.o
 .text.PWR_AutoWakeUpCmd
                0x0000000000000000       0x14 ./Peripheral/src/ch32v00x_pwr.o
 .text.PWR_AWU_SetPrescaler
                0x0000000000000000        0xe ./Peripheral/src/ch32v00x_pwr.o
 .text.PWR_AWU_SetWindowValue
                0x0000000000000000       0x1e ./Peripheral/src/ch32v00x_pwr.o
 .text.PWR_EnterSTANDBYMode
                0x0000000000000000       0xa6 ./Peripheral/src/ch32v00x_pwr.o
 .text.PWR_GetFlagStatus
                0x0000000000000000        0xe ./Peripheral/src/ch32v00x_pwr.o
 .debug_info    0x0000000000000000      0xed0 ./Peripheral/src/ch32v00x_pwr.o
 .debug_abbrev  0x0000000000000000      0x359 ./Peripheral/src/ch32v00x_pwr.o
 .debug_loc     0x0000000000000000      0x14b ./Peripheral/src/ch32v00x_pwr.o
 .debug_aranges
                0x0000000000000000       0x58 ./Peripheral/src/ch32v00x_pwr.o
 .debug_ranges  0x0000000000000000       0xa8 ./Peripheral/src/ch32v00x_pwr.o
 .debug_line    0x0000000000000000      0x6ed ./Peripheral/src/ch32v00x_pwr.o
 .debug_str     0x0000000000000000      0x7fc ./Peripheral/src/ch32v00x_pwr.o
 .comment       0x0000000000000000       0x34 ./Peripheral/src/ch32v00x_pwr.o
 .debug_frame   0x0000000000000000       0xb4 ./Peripheral/src/ch32v00x_pwr.o
 .text          0x0000000000000000        0x0 ./Peripheral/src/ch32v00x_rcc.o
 .data          0x0000000000000000        0x0 ./Peripheral/src/ch32v00x_rcc.o
 .bss           0x0000000000000000        0x0 ./Peripheral/src/ch32v00x_rcc.o
 .text.RCC_HSEConfig
                0x0000000000000000       0x3c ./Peripheral/src/ch32v00x_rcc.o
 .text.RCC_DeInit
                0x0000000000000000       0x58 ./Peripheral/src/ch32v00x_rcc.o
 .text.RCC_HSICmd
                0x0000000000000000       0x14 ./Peripheral/src/ch32v00x_rcc.o
 .text.RCC_PLLConfig
                0x0000000000000000       0x12 ./Peripheral/src/ch32v00x_rcc.o
 .text.RCC_PLLCmd
                0x0000000000000000       0x24 ./Peripheral/src/ch32v00x_rcc.o
 .text.RCC_SYSCLKConfig
                0x0000000000000000       0x4e ./Peripheral/src/ch32v00x_rcc.o
 .text.RCC_GetSYSCLKSource
                0x0000000000000000        0xa ./Peripheral/src/ch32v00x_rcc.o
 .text.RCC_HCLKConfig
                0x0000000000000000       0x10 ./Peripheral/src/ch32v00x_rcc.o
 .text.RCC_ITConfig
                0x0000000000000000       0x16 ./Peripheral/src/ch32v00x_rcc.o
 .text.RCC_LSICmd
                0x0000000000000000       0x14 ./Peripheral/src/ch32v00x_rcc.o
 .text.RCC_ClockSecuritySystemCmd
                0x0000000000000000       0x24 ./Peripheral/src/ch32v00x_rcc.o
 .text.RCC_MCOConfig
                0x0000000000000000        0x8 ./Peripheral/src/ch32v00x_rcc.o
 .text.RCC_GetFlagStatus
                0x0000000000000000       0x20 ./Peripheral/src/ch32v00x_rcc.o
 .text.RCC_WaitForHSEStartUp
                0x0000000000000000       0x42 ./Peripheral/src/ch32v00x_rcc.o
 .text.RCC_ClearFlag
                0x0000000000000000       0x10 ./Peripheral/src/ch32v00x_rcc.o
 .text.RCC_GetITStatus
                0x0000000000000000        0xe ./Peripheral/src/ch32v00x_rcc.o
 .text.RCC_ClearITPendingBit
                0x0000000000000000        0x8 ./Peripheral/src/ch32v00x_rcc.o
 .text          0x0000000000000000        0x0 ./Peripheral/src/ch32v00x_spi.o
 .data          0x0000000000000000        0x0 ./Peripheral/src/ch32v00x_spi.o
 .bss           0x0000000000000000        0x0 ./Peripheral/src/ch32v00x_spi.o
 .text.SPI_I2S_DeInit
                0x0000000000000000       0x32 ./Peripheral/src/ch32v00x_spi.o
 .text.SPI_StructInit
                0x0000000000000000       0x22 ./Peripheral/src/ch32v00x_spi.o
 .text.SPI_I2S_ITConfig
                0x0000000000000000       0x1e ./Peripheral/src/ch32v00x_spi.o
 .text.SPI_I2S_SendData
                0x0000000000000000        0x4 ./Peripheral/src/ch32v00x_spi.o
 .text.SPI_I2S_ReceiveData
                0x0000000000000000        0x4 ./Peripheral/src/ch32v00x_spi.o
 .text.SPI_NSSInternalSoftwareConfig
                0x0000000000000000       0x24 ./Peripheral/src/ch32v00x_spi.o
 .text.SPI_SSOutputCmd
                0x0000000000000000       0x18 ./Peripheral/src/ch32v00x_spi.o
 .text.SPI_DataSizeConfig
                0x0000000000000000       0x14 ./Peripheral/src/ch32v00x_spi.o
 .text.SPI_TransmitCRC
                0x0000000000000000        0xa ./Peripheral/src/ch32v00x_spi.o
 .text.SPI_CalculateCRC
                0x0000000000000000       0x16 ./Peripheral/src/ch32v00x_spi.o
 .text.SPI_GetCRC
                0x0000000000000000       0x12 ./Peripheral/src/ch32v00x_spi.o
 .text.SPI_GetCRCPolynomial
                0x0000000000000000        0x4 ./Peripheral/src/ch32v00x_spi.o
 .text.SPI_BiDirectionalLineConfig
                0x0000000000000000       0x1a ./Peripheral/src/ch32v00x_spi.o
 .text.SPI_I2S_GetFlagStatus
                0x0000000000000000        0xa ./Peripheral/src/ch32v00x_spi.o
 .text.SPI_I2S_ClearFlag
                0x0000000000000000        0xc ./Peripheral/src/ch32v00x_spi.o
 .text.SPI_I2S_GetITStatus
                0x0000000000000000       0x28 ./Peripheral/src/ch32v00x_spi.o
 .text.SPI_I2S_ClearITPendingBit
                0x0000000000000000       0x14 ./Peripheral/src/ch32v00x_spi.o
 .text          0x0000000000000000        0x0 ./Peripheral/src/ch32v00x_tim.o
 .data          0x0000000000000000        0x0 ./Peripheral/src/ch32v00x_tim.o
 .bss           0x0000000000000000        0x0 ./Peripheral/src/ch32v00x_tim.o
 .text.TI1_Config
                0x0000000000000000       0x5a ./Peripheral/src/ch32v00x_tim.o
 .text.TI2_Config
                0x0000000000000000       0x70 ./Peripheral/src/ch32v00x_tim.o
 .text.TIM_OC3Init
                0x0000000000000000       0x94 ./Peripheral/src/ch32v00x_tim.o
 .text.TIM_OC4Init
                0x0000000000000000       0x6e ./Peripheral/src/ch32v00x_tim.o
 .text.TIM_TimeBaseStructInit
                0x0000000000000000       0x16 ./Peripheral/src/ch32v00x_tim.o
 .text.TIM_OCStructInit
                0x0000000000000000       0x22 ./Peripheral/src/ch32v00x_tim.o
 .text.TIM_ICStructInit
                0x0000000000000000       0x16 ./Peripheral/src/ch32v00x_tim.o
 .text.TIM_BDTRStructInit
                0x0000000000000000       0x1e ./Peripheral/src/ch32v00x_tim.o
 .text.TIM_GenerateEvent
                0x0000000000000000        0x4 ./Peripheral/src/ch32v00x_tim.o
 .text.TIM_DMAConfig
                0x0000000000000000        0x8 ./Peripheral/src/ch32v00x_tim.o
 .text.TIM_InternalClockConfig
                0x0000000000000000       0x10 ./Peripheral/src/ch32v00x_tim.o
 .text.TIM_ITRxExternalClockConfig
                0x0000000000000000       0x18 ./Peripheral/src/ch32v00x_tim.o
 .text.TIM_TIxExternalClockConfig
                0x0000000000000000       0x48 ./Peripheral/src/ch32v00x_tim.o
 .text.TIM_ETRConfig
                0x0000000000000000       0x16 ./Peripheral/src/ch32v00x_tim.o
 .text.TIM_ETRClockMode1Config
                0x0000000000000000       0x2a ./Peripheral/src/ch32v00x_tim.o
 .text.TIM_ETRClockMode2Config
                0x0000000000000000       0x22 ./Peripheral/src/ch32v00x_tim.o
 .text.TIM_PrescalerConfig
                0x0000000000000000        0x6 ./Peripheral/src/ch32v00x_tim.o
 .text.TIM_CounterModeConfig
                0x0000000000000000       0x10 ./Peripheral/src/ch32v00x_tim.o
 .text.TIM_SelectInputTrigger
                0x0000000000000000       0x10 ./Peripheral/src/ch32v00x_tim.o
 .text.TIM_EncoderInterfaceConfig
                0x0000000000000000       0x3c ./Peripheral/src/ch32v00x_tim.o
 .text.TIM_ForcedOC1Config
                0x0000000000000000       0x10 ./Peripheral/src/ch32v00x_tim.o
 .text.TIM_ForcedOC2Config
                0x0000000000000000       0x14 ./Peripheral/src/ch32v00x_tim.o
 .text.TIM_ForcedOC3Config
                0x0000000000000000       0x10 ./Peripheral/src/ch32v00x_tim.o
 .text.TIM_ForcedOC4Config
                0x0000000000000000       0x14 ./Peripheral/src/ch32v00x_tim.o
 .text.TIM_SelectCOM
                0x0000000000000000       0x18 ./Peripheral/src/ch32v00x_tim.o
 .text.TIM_SelectCCDMA
                0x0000000000000000       0x18 ./Peripheral/src/ch32v00x_tim.o
 .text.TIM_CCPreloadControl
                0x0000000000000000       0x18 ./Peripheral/src/ch32v00x_tim.o
 .text.TIM_OC3PreloadConfig
                0x0000000000000000        0xe ./Peripheral/src/ch32v00x_tim.o
 .text.TIM_OC4PreloadConfig
                0x0000000000000000       0x16 ./Peripheral/src/ch32v00x_tim.o
 .text.TIM_OC1FastConfig
                0x0000000000000000        0xe ./Peripheral/src/ch32v00x_tim.o
 .text.TIM_OC2FastConfig
                0x0000000000000000       0x16 ./Peripheral/src/ch32v00x_tim.o
 .text.TIM_OC3FastConfig
                0x0000000000000000        0xe ./Peripheral/src/ch32v00x_tim.o
 .text.TIM_OC4FastConfig
                0x0000000000000000       0x16 ./Peripheral/src/ch32v00x_tim.o
 .text.TIM_ClearOC1Ref
                0x0000000000000000       0x10 ./Peripheral/src/ch32v00x_tim.o
 .text.TIM_ClearOC2Ref
                0x0000000000000000       0x12 ./Peripheral/src/ch32v00x_tim.o
 .text.TIM_ClearOC3Ref
                0x0000000000000000       0x10 ./Peripheral/src/ch32v00x_tim.o
 .text.TIM_ClearOC4Ref
                0x0000000000000000       0x12 ./Peripheral/src/ch32v00x_tim.o
 .text.TIM_OC1PolarityConfig
                0x0000000000000000        0xe ./Peripheral/src/ch32v00x_tim.o
 .text.TIM_OC1NPolarityConfig
                0x0000000000000000        0xe ./Peripheral/src/ch32v00x_tim.o
 .text.TIM_OC2PolarityConfig
                0x0000000000000000       0x16 ./Peripheral/src/ch32v00x_tim.o
 .text.TIM_OC2NPolarityConfig
                0x0000000000000000       0x16 ./Peripheral/src/ch32v00x_tim.o
 .text.TIM_OC3PolarityConfig
                0x0000000000000000       0x16 ./Peripheral/src/ch32v00x_tim.o
 .text.TIM_OC3NPolarityConfig
                0x0000000000000000       0x16 ./Peripheral/src/ch32v00x_tim.o
 .text.TIM_OC4PolarityConfig
                0x0000000000000000       0x14 ./Peripheral/src/ch32v00x_tim.o
 .text.TIM_CCxCmd
                0x0000000000000000       0x20 ./Peripheral/src/ch32v00x_tim.o
 .text.TIM_CCxNCmd
                0x0000000000000000       0x20 ./Peripheral/src/ch32v00x_tim.o
 .text.TIM_SelectOCxM
                0x0000000000000000       0x4c ./Peripheral/src/ch32v00x_tim.o
 .text.TIM_UpdateDisableConfig
                0x0000000000000000       0x18 ./Peripheral/src/ch32v00x_tim.o
 .text.TIM_UpdateRequestConfig
                0x0000000000000000       0x18 ./Peripheral/src/ch32v00x_tim.o
 .text.TIM_SelectHallSensor
                0x0000000000000000       0x1a ./Peripheral/src/ch32v00x_tim.o
 .text.TIM_SelectOnePulseMode
                0x0000000000000000       0x16 ./Peripheral/src/ch32v00x_tim.o
 .text.TIM_SelectOutputTrigger
                0x0000000000000000       0x18 ./Peripheral/src/ch32v00x_tim.o
 .text.TIM_SelectSlaveMode
                0x0000000000000000       0x16 ./Peripheral/src/ch32v00x_tim.o
 .text.TIM_SelectMasterSlaveMode
                0x0000000000000000       0x18 ./Peripheral/src/ch32v00x_tim.o
 .text.TIM_SetCounter
                0x0000000000000000        0x4 ./Peripheral/src/ch32v00x_tim.o
 .text.TIM_SetAutoreload
                0x0000000000000000        0x4 ./Peripheral/src/ch32v00x_tim.o
 .text.TIM_SetCompare1
                0x0000000000000000        0x4 ./Peripheral/src/ch32v00x_tim.o
 .text.TIM_SetCompare2
                0x0000000000000000        0x4 ./Peripheral/src/ch32v00x_tim.o
 .text.TIM_SetCompare3
                0x0000000000000000        0x4 ./Peripheral/src/ch32v00x_tim.o
 .text.TIM_SetCompare4
                0x0000000000000000        0x4 ./Peripheral/src/ch32v00x_tim.o
 .text.TIM_SetIC1Prescaler
                0x0000000000000000       0x16 ./Peripheral/src/ch32v00x_tim.o
 .text.TIM_SetIC2Prescaler
                0x0000000000000000       0x1a ./Peripheral/src/ch32v00x_tim.o
 .text.TIM_PWMIConfig
                0x0000000000000000       0xa4 ./Peripheral/src/ch32v00x_tim.o
 .text.TIM_SetIC3Prescaler
                0x0000000000000000       0x16 ./Peripheral/src/ch32v00x_tim.o
 .text.TIM_SetIC4Prescaler
                0x0000000000000000       0x1a ./Peripheral/src/ch32v00x_tim.o
 .text.TIM_ICInit
                0x0000000000000000      0x148 ./Peripheral/src/ch32v00x_tim.o
 .text.TIM_SetClockDivision
                0x0000000000000000       0x18 ./Peripheral/src/ch32v00x_tim.o
 .text.TIM_GetCapture1
                0x0000000000000000        0x8 ./Peripheral/src/ch32v00x_tim.o
 .text.TIM_GetCapture2
                0x0000000000000000        0x8 ./Peripheral/src/ch32v00x_tim.o
 .text.TIM_GetCapture3
                0x0000000000000000        0x8 ./Peripheral/src/ch32v00x_tim.o
 .text.TIM_GetCapture4
                0x0000000000000000        0x8 ./Peripheral/src/ch32v00x_tim.o
 .text.TIM_GetCounter
                0x0000000000000000        0x4 ./Peripheral/src/ch32v00x_tim.o
 .text.TIM_GetPrescaler
                0x0000000000000000        0x4 ./Peripheral/src/ch32v00x_tim.o
 .text.TIM_GetFlagStatus
                0x0000000000000000        0xa ./Peripheral/src/ch32v00x_tim.o
 .text.TIM_ClearFlag
                0x0000000000000000        0xc ./Peripheral/src/ch32v00x_tim.o
 .text.TIM_IndicateCaptureLevelCmd
                0x0000000000000000       0x12 ./Peripheral/src/ch32v00x_tim.o
 .text          0x0000000000000000        0x0 ./Peripheral/src/ch32v00x_usart.o
 .data          0x0000000000000000        0x0 ./Peripheral/src/ch32v00x_usart.o
 .bss           0x0000000000000000        0x0 ./Peripheral/src/ch32v00x_usart.o
 .text.USART_DeInit
                0x0000000000000000       0x36 ./Peripheral/src/ch32v00x_usart.o
 .text.USART_StructInit
                0x0000000000000000       0x18 ./Peripheral/src/ch32v00x_usart.o
 .text.USART_ClockInit
                0x0000000000000000       0x1e ./Peripheral/src/ch32v00x_usart.o
 .text.USART_ClockStructInit
                0x0000000000000000       0x12 ./Peripheral/src/ch32v00x_usart.o
 .text.USART_ITConfig
                0x0000000000000000       0x36 ./Peripheral/src/ch32v00x_usart.o
 .text.USART_DMACmd
                0x0000000000000000       0x12 ./Peripheral/src/ch32v00x_usart.o
 .text.USART_SetAddress
                0x0000000000000000       0x16 ./Peripheral/src/ch32v00x_usart.o
 .text.USART_WakeUpConfig
                0x0000000000000000       0x14 ./Peripheral/src/ch32v00x_usart.o
 .text.USART_ReceiverWakeUpCmd
                0x0000000000000000       0x18 ./Peripheral/src/ch32v00x_usart.o
 .text.USART_LINBreakDetectLengthConfig
                0x0000000000000000       0x18 ./Peripheral/src/ch32v00x_usart.o
 .text.USART_LINCmd
                0x0000000000000000       0x16 ./Peripheral/src/ch32v00x_usart.o
 .text.USART_ReceiveData
                0x0000000000000000        0x8 ./Peripheral/src/ch32v00x_usart.o
 .text.USART_SendBreak
                0x0000000000000000        0xa ./Peripheral/src/ch32v00x_usart.o
 .text.USART_SetGuardTime
                0x0000000000000000       0x12 ./Peripheral/src/ch32v00x_usart.o
 .text.USART_SetPrescaler
                0x0000000000000000       0x18 ./Peripheral/src/ch32v00x_usart.o
 .text.USART_SmartCardCmd
                0x0000000000000000       0x1a ./Peripheral/src/ch32v00x_usart.o
 .text.USART_SmartCardNACKCmd
                0x0000000000000000       0x18 ./Peripheral/src/ch32v00x_usart.o
 .text.USART_HalfDuplexCmd
                0x0000000000000000       0x18 ./Peripheral/src/ch32v00x_usart.o
 .text.USART_OverSampling8Cmd
                0x0000000000000000       0x12 ./Peripheral/src/ch32v00x_usart.o
 .text.USART_OneBitMethodCmd
                0x0000000000000000       0x1e ./Peripheral/src/ch32v00x_usart.o
 .text.USART_IrDAConfig
                0x0000000000000000       0x16 ./Peripheral/src/ch32v00x_usart.o
 .text.USART_IrDACmd
                0x0000000000000000       0x18 ./Peripheral/src/ch32v00x_usart.o
 .text.USART_ClearFlag
                0x0000000000000000        0xc ./Peripheral/src/ch32v00x_usart.o
 .text.USART_GetITStatus
                0x0000000000000000       0x3c ./Peripheral/src/ch32v00x_usart.o
 .text.USART_ClearITPendingBit
                0x0000000000000000       0x14 ./Peripheral/src/ch32v00x_usart.o
 .text          0x0000000000000000        0x0 ./Peripheral/src/ch32v00x_wwdg.o
 .data          0x0000000000000000        0x0 ./Peripheral/src/ch32v00x_wwdg.o
 .bss           0x0000000000000000        0x0 ./Peripheral/src/ch32v00x_wwdg.o
 .text.WWDG_DeInit
                0x0000000000000000       0x2e ./Peripheral/src/ch32v00x_wwdg.o
 .text.WWDG_SetPrescaler
                0x0000000000000000       0x14 ./Peripheral/src/ch32v00x_wwdg.o
 .text.WWDG_SetWindowValue
                0x0000000000000000       0x26 ./Peripheral/src/ch32v00x_wwdg.o
 .text.WWDG_EnableIT
                0x0000000000000000       0x12 ./Peripheral/src/ch32v00x_wwdg.o
 .text.WWDG_SetCounter
                0x0000000000000000        0xe ./Peripheral/src/ch32v00x_wwdg.o
 .text.WWDG_Enable
                0x0000000000000000        0xe ./Peripheral/src/ch32v00x_wwdg.o
 .text.WWDG_GetFlagStatus
                0x0000000000000000        0xa ./Peripheral/src/ch32v00x_wwdg.o
 .text.WWDG_ClearFlag
                0x0000000000000000        0xa ./Peripheral/src/ch32v00x_wwdg.o
 .debug_info    0x0000000000000000      0xb27 ./Peripheral/src/ch32v00x_wwdg.o
 .debug_abbrev  0x0000000000000000      0x29d ./Peripheral/src/ch32v00x_wwdg.o
 .debug_loc     0x0000000000000000       0xae ./Peripheral/src/ch32v00x_wwdg.o
 .debug_aranges
                0x0000000000000000       0x58 ./Peripheral/src/ch32v00x_wwdg.o
 .debug_ranges  0x0000000000000000       0x48 ./Peripheral/src/ch32v00x_wwdg.o
 .debug_line    0x0000000000000000      0x4ee ./Peripheral/src/ch32v00x_wwdg.o
 .debug_str     0x0000000000000000      0x6af ./Peripheral/src/ch32v00x_wwdg.o
 .comment       0x0000000000000000       0x34 ./Peripheral/src/ch32v00x_wwdg.o
 .debug_frame   0x0000000000000000       0xa4 ./Peripheral/src/ch32v00x_wwdg.o
 .text          0x0000000000000000        0x0 ./Debug/debug.o
 .data          0x0000000000000000        0x0 ./Debug/debug.o
 .bss           0x0000000000000000        0x0 ./Debug/debug.o
 .text.Delay_Us
                0x0000000000000000       0x4a ./Debug/debug.o
 .text.SDI_Printf_Enable
                0x0000000000000000       0x2a ./Debug/debug.o
 .text._sbrk    0x0000000000000000       0x2e ./Debug/debug.o
 .data.curbrk.4086
                0x0000000000000000        0x4 ./Debug/debug.o
 .text          0x0000000000000000        0x0 ./Core/core_riscv.o
 .data          0x0000000000000000        0x0 ./Core/core_riscv.o
 .bss           0x0000000000000000        0x0 ./Core/core_riscv.o
 .text.__get_MSTATUS
                0x0000000000000000        0x6 ./Core/core_riscv.o
 .text.__set_MSTATUS
                0x0000000000000000        0x6 ./Core/core_riscv.o
 .text.__get_MISA
                0x0000000000000000        0x6 ./Core/core_riscv.o
 .text.__set_MISA
                0x0000000000000000        0x6 ./Core/core_riscv.o
 .text.__get_MTVEC
                0x0000000000000000        0x6 ./Core/core_riscv.o
 .text.__set_MTVEC
                0x0000000000000000        0x6 ./Core/core_riscv.o
 .text.__get_MSCRATCH
                0x0000000000000000        0x6 ./Core/core_riscv.o
 .text.__set_MSCRATCH
                0x0000000000000000        0x6 ./Core/core_riscv.o
 .text.__get_MEPC
                0x0000000000000000        0x6 ./Core/core_riscv.o
 .text.__set_MEPC
                0x0000000000000000        0x6 ./Core/core_riscv.o
 .text.__get_MCAUSE
                0x0000000000000000        0x6 ./Core/core_riscv.o
 .text.__set_MCAUSE
                0x0000000000000000        0x6 ./Core/core_riscv.o
 .text.__get_MVENDORID
                0x0000000000000000        0x6 ./Core/core_riscv.o
 .text.__get_MARCHID
                0x0000000000000000        0x6 ./Core/core_riscv.o
 .text.__get_MIMPID
                0x0000000000000000        0x6 ./Core/core_riscv.o
 .text.__get_MHARTID
                0x0000000000000000        0x6 ./Core/core_riscv.o
 .text.__get_SP
                0x0000000000000000        0x4 ./Core/core_riscv.o
 .highcode      0x0000000000000000        0xa ./Core/core_riscv.o
 .debug_info    0x0000000000000000      0x349 ./Core/core_riscv.o
 .debug_abbrev  0x0000000000000000      0x10d ./Core/core_riscv.o
 .debug_aranges
                0x0000000000000000       0xa8 ./Core/core_riscv.o
 .debug_ranges  0x0000000000000000       0x98 ./Core/core_riscv.o
 .debug_line    0x0000000000000000      0x478 ./Core/core_riscv.o
 .debug_str     0x0000000000000000      0x281 ./Core/core_riscv.o
 .comment       0x0000000000000000       0x34 ./Core/core_riscv.o
 .debug_frame   0x0000000000000000      0x130 ./Core/core_riscv.o
 .text          0x0000000000000000        0x0 c:/mounriver/mounriver_studio2/resources/app/resources/win32/components/wch/toolchain/risc-v embedded gcc/bin/../lib/gcc/riscv-none-embed/8.2.0/../../../../riscv-none-embed/lib/rv32ecxw/ilp32e\libprintf.a(wchprintf.o)
 .data          0x0000000000000000        0x0 c:/mounriver/mounriver_studio2/resources/app/resources/win32/components/wch/toolchain/risc-v embedded gcc/bin/../lib/gcc/riscv-none-embed/8.2.0/../../../../riscv-none-embed/lib/rv32ecxw/ilp32e\libprintf.a(wchprintf.o)
 .bss           0x0000000000000000        0x0 c:/mounriver/mounriver_studio2/resources/app/resources/win32/components/wch/toolchain/risc-v embedded gcc/bin/../lib/gcc/riscv-none-embed/8.2.0/../../../../riscv-none-embed/lib/rv32ecxw/ilp32e\libprintf.a(wchprintf.o)
 .text.printf   0x0000000000000000       0x28 c:/mounriver/mounriver_studio2/resources/app/resources/win32/components/wch/toolchain/risc-v embedded gcc/bin/../lib/gcc/riscv-none-embed/8.2.0/../../../../riscv-none-embed/lib/rv32ecxw/ilp32e\libprintf.a(wchprintf.o)
 .text.snprintf
                0x0000000000000000       0x2e c:/mounriver/mounriver_studio2/resources/app/resources/win32/components/wch/toolchain/risc-v embedded gcc/bin/../lib/gcc/riscv-none-embed/8.2.0/../../../../riscv-none-embed/lib/rv32ecxw/ilp32e\libprintf.a(wchprintf.o)
 .text.puts     0x0000000000000000       0x52 c:/mounriver/mounriver_studio2/resources/app/resources/win32/components/wch/toolchain/risc-v embedded gcc/bin/../lib/gcc/riscv-none-embed/8.2.0/../../../../riscv-none-embed/lib/rv32ecxw/ilp32e\libprintf.a(wchprintf.o)
 .text.putchar  0x0000000000000000       0x1c c:/mounriver/mounriver_studio2/resources/app/resources/win32/components/wch/toolchain/risc-v embedded gcc/bin/../lib/gcc/riscv-none-embed/8.2.0/../../../../riscv-none-embed/lib/rv32ecxw/ilp32e\libprintf.a(wchprintf.o)
 .data          0x0000000000000000        0x0 c:/mounriver/mounriver_studio2/resources/app/resources/win32/components/wch/toolchain/risc-v embedded gcc/bin/../lib/gcc/riscv-none-embed/8.2.0/rv32ecxw/ilp32e\libgcc.a(save-restore.o)
 .bss           0x0000000000000000        0x0 c:/mounriver/mounriver_studio2/resources/app/resources/win32/components/wch/toolchain/risc-v embedded gcc/bin/../lib/gcc/riscv-none-embed/8.2.0/rv32ecxw/ilp32e\libgcc.a(save-restore.o)
 .eh_frame      0x0000000000000000       0x68 c:/mounriver/mounriver_studio2/resources/app/resources/win32/components/wch/toolchain/risc-v embedded gcc/bin/../lib/gcc/riscv-none-embed/8.2.0/rv32ecxw/ilp32e\libgcc.a(save-restore.o)
 .data          0x0000000000000000        0x0 c:/mounriver/mounriver_studio2/resources/app/resources/win32/components/wch/toolchain/risc-v embedded gcc/bin/../lib/gcc/riscv-none-embed/8.2.0/rv32ecxw/ilp32e\libgcc.a(muldi3.o)
 .bss           0x0000000000000000        0x0 c:/mounriver/mounriver_studio2/resources/app/resources/win32/components/wch/toolchain/risc-v embedded gcc/bin/../lib/gcc/riscv-none-embed/8.2.0/rv32ecxw/ilp32e\libgcc.a(muldi3.o)
 .data          0x0000000000000000        0x0 c:/mounriver/mounriver_studio2/resources/app/resources/win32/components/wch/toolchain/risc-v embedded gcc/bin/../lib/gcc/riscv-none-embed/8.2.0/rv32ecxw/ilp32e\libgcc.a(div.o)
 .bss           0x0000000000000000        0x0 c:/mounriver/mounriver_studio2/resources/app/resources/win32/components/wch/toolchain/risc-v embedded gcc/bin/../lib/gcc/riscv-none-embed/8.2.0/rv32ecxw/ilp32e\libgcc.a(div.o)
 .text          0x0000000000000000        0x0 c:/mounriver/mounriver_studio2/resources/app/resources/win32/components/wch/toolchain/risc-v embedded gcc/bin/../lib/gcc/riscv-none-embed/8.2.0/../../../../riscv-none-embed/lib/rv32ecxw/ilp32e\libg_nano.a(lib_a-memcpy.o)
 .data          0x0000000000000000        0x0 c:/mounriver/mounriver_studio2/resources/app/resources/win32/components/wch/toolchain/risc-v embedded gcc/bin/../lib/gcc/riscv-none-embed/8.2.0/../../../../riscv-none-embed/lib/rv32ecxw/ilp32e\libg_nano.a(lib_a-memcpy.o)
 .bss           0x0000000000000000        0x0 c:/mounriver/mounriver_studio2/resources/app/resources/win32/components/wch/toolchain/risc-v embedded gcc/bin/../lib/gcc/riscv-none-embed/8.2.0/../../../../riscv-none-embed/lib/rv32ecxw/ilp32e\libg_nano.a(lib_a-memcpy.o)
 .data          0x0000000000000000        0x0 c:/mounriver/mounriver_studio2/resources/app/resources/win32/components/wch/toolchain/risc-v embedded gcc/bin/../lib/gcc/riscv-none-embed/8.2.0/../../../../riscv-none-embed/lib/rv32ecxw/ilp32e\libg_nano.a(lib_a-memset.o)
 .bss           0x0000000000000000        0x0 c:/mounriver/mounriver_studio2/resources/app/resources/win32/components/wch/toolchain/risc-v embedded gcc/bin/../lib/gcc/riscv-none-embed/8.2.0/../../../../riscv-none-embed/lib/rv32ecxw/ilp32e\libg_nano.a(lib_a-memset.o)

Memory Configuration

Name             Origin             Length             Attributes
FLASH            0x0000000000000000 0x0000000000004000 xr
RAM              0x0000000020000000 0x0000000000000800 xrw
*default*        0x0000000000000000 0xffffffffffffffff

Linker script and memory map

LOAD ./User/ch32v00x_it.o
LOAD ./User/delay.o
LOAD ./User/main.o
LOAD ./User/st7735.o
LOAD ./User/system_ch32v00x.o
LOAD ./User/uart.o
LOAD ./Startup/startup_ch32v00x.o
LOAD ./Peripheral/src/ch32v00x_adc.o
LOAD ./Peripheral/src/ch32v00x_dbgmcu.o
LOAD ./Peripheral/src/ch32v00x_dma.o
LOAD ./Peripheral/src/ch32v00x_exti.o
LOAD ./Peripheral/src/ch32v00x_flash.o
LOAD ./Peripheral/src/ch32v00x_gpio.o
LOAD ./Peripheral/src/ch32v00x_i2c.o
LOAD ./Peripheral/src/ch32v00x_iwdg.o
LOAD ./Peripheral/src/ch32v00x_misc.o
LOAD ./Peripheral/src/ch32v00x_opa.o
LOAD ./Peripheral/src/ch32v00x_pwr.o
LOAD ./Peripheral/src/ch32v00x_rcc.o
LOAD ./Peripheral/src/ch32v00x_spi.o
LOAD ./Peripheral/src/ch32v00x_tim.o
LOAD ./Peripheral/src/ch32v00x_usart.o
LOAD ./Peripheral/src/ch32v00x_wwdg.o
LOAD ./Debug/debug.o
LOAD ./Core/core_riscv.o
LOAD c:/mounriver/mounriver_studio2/resources/app/resources/win32/components/wch/toolchain/risc-v embedded gcc/bin/../lib/gcc/riscv-none-embed/8.2.0/../../../../riscv-none-embed/lib/rv32ecxw/ilp32e\libprintf.a
LOAD c:/mounriver/mounriver_studio2/resources/app/resources/win32/components/wch/toolchain/risc-v embedded gcc/bin/../lib/gcc/riscv-none-embed/8.2.0/rv32ecxw/ilp32e\libgcc.a
LOAD c:/mounriver/mounriver_studio2/resources/app/resources/win32/components/wch/toolchain/risc-v embedded gcc/bin/../lib/gcc/riscv-none-embed/8.2.0/../../../../riscv-none-embed/lib/rv32ecxw/ilp32e\libg_nano.a
LOAD c:/mounriver/mounriver_studio2/resources/app/resources/win32/components/wch/toolchain/risc-v embedded gcc/bin/../lib/gcc/riscv-none-embed/8.2.0/../../../../riscv-none-embed/lib/rv32ecxw/ilp32e\libc_nano.a
LOAD c:/mounriver/mounriver_studio2/resources/app/resources/win32/components/wch/toolchain/risc-v embedded gcc/bin/../lib/gcc/riscv-none-embed/8.2.0/rv32ecxw/ilp32e\libgcc.a
START GROUP
LOAD c:/mounriver/mounriver_studio2/resources/app/resources/win32/components/wch/toolchain/risc-v embedded gcc/bin/../lib/gcc/riscv-none-embed/8.2.0/rv32ecxw/ilp32e\libgcc.a
LOAD c:/mounriver/mounriver_studio2/resources/app/resources/win32/components/wch/toolchain/risc-v embedded gcc/bin/../lib/gcc/riscv-none-embed/8.2.0/../../../../riscv-none-embed/lib/rv32ecxw/ilp32e\libc_nano.a
LOAD c:/mounriver/mounriver_studio2/resources/app/resources/win32/components/wch/toolchain/risc-v embedded gcc/bin/../lib/gcc/riscv-none-embed/8.2.0/../../../../riscv-none-embed/lib/rv32ecxw/ilp32e\libnosys.a
END GROUP
START GROUP
LOAD c:/mounriver/mounriver_studio2/resources/app/resources/win32/components/wch/toolchain/risc-v embedded gcc/bin/../lib/gcc/riscv-none-embed/8.2.0/rv32ecxw/ilp32e\libgcc.a
LOAD c:/mounriver/mounriver_studio2/resources/app/resources/win32/components/wch/toolchain/risc-v embedded gcc/bin/../lib/gcc/riscv-none-embed/8.2.0/../../../../riscv-none-embed/lib/rv32ecxw/ilp32e\libc_nano.a
LOAD c:/mounriver/mounriver_studio2/resources/app/resources/win32/components/wch/toolchain/risc-v embedded gcc/bin/../lib/gcc/riscv-none-embed/8.2.0/../../../../riscv-none-embed/lib/rv32ecxw/ilp32e\libnosys.a
END GROUP
                0x0000000000000100                __stack_size = 0x100
                [!provide]                        PROVIDE (_stack_size = __stack_size)

.init           0x0000000000000000       0xa0
                0x0000000000000000                _sinit = .
                0x0000000000000000                . = ALIGN (0x4)
 *(SORT_NONE(.init))
 .init          0x0000000000000000       0x9e ./Startup/startup_ch32v00x.o
                0x0000000000000000                _start
                0x00000000000000a0                . = ALIGN (0x4)
 *fill*         0x000000000000009e        0x2 
                0x00000000000000a0                _einit = .

.highcodelalign
                0x00000000000000a0        0x0
                0x00000000000000a0                . = ALIGN (0x4)
                0x00000000000000a0                PROVIDE (_highcode_lma = .)

.highcode       0x0000000020000000        0x0 load address 0x00000000000000a0
                0x0000000020000000                . = ALIGN (0x4)
                0x0000000020000000                PROVIDE (_highcode_vma_start = .)
 *(.highcode)
 *(.highcode.*)
                0x0000000020000000                . = ALIGN (0x4)
                0x0000000020000000                PROVIDE (_highcode_vma_end = .)

.text           0x00000000000000a0     0x2e04
                0x00000000000000a0                . = ALIGN (0x4)
 *(.text)
 .text          0x00000000000000a0       0x14 c:/mounriver/mounriver_studio2/resources/app/resources/win32/components/wch/toolchain/risc-v embedded gcc/bin/../lib/gcc/riscv-none-embed/8.2.0/rv32ecxw/ilp32e\libgcc.a(save-restore.o)
                0x00000000000000a0                __riscv_save_1
                0x00000000000000a0                __riscv_save_2
                0x00000000000000a0                __riscv_save_0
                0x00000000000000aa                __riscv_restore_0
                0x00000000000000aa                __riscv_restore_1
                0x00000000000000aa                __riscv_restore_2
 .text          0x00000000000000b4       0x16 c:/mounriver/mounriver_studio2/resources/app/resources/win32/components/wch/toolchain/risc-v embedded gcc/bin/../lib/gcc/riscv-none-embed/8.2.0/rv32ecxw/ilp32e\libgcc.a(muldi3.o)
                0x00000000000000b4                __mulsi3
 *fill*         0x00000000000000ca        0x2 
 .text          0x00000000000000cc       0x7e c:/mounriver/mounriver_studio2/resources/app/resources/win32/components/wch/toolchain/risc-v embedded gcc/bin/../lib/gcc/riscv-none-embed/8.2.0/rv32ecxw/ilp32e\libgcc.a(div.o)
                0x00000000000000cc                __divsi3
                0x00000000000000d4                __udivsi3
                0x0000000000000100                __umodsi3
                0x0000000000000124                __modsi3
 .text          0x000000000000014a       0xa8 c:/mounriver/mounriver_studio2/resources/app/resources/win32/components/wch/toolchain/risc-v embedded gcc/bin/../lib/gcc/riscv-none-embed/8.2.0/../../../../riscv-none-embed/lib/rv32ecxw/ilp32e\libg_nano.a(lib_a-memset.o)
                0x000000000000014a                memset
 *(.text.*)
 .text.NMI_Handler
                0x00000000000001f2        0x2 ./User/ch32v00x_it.o
                0x00000000000001f2                NMI_Handler
 .text.HardFault_Handler
                0x00000000000001f4       0x10 ./User/ch32v00x_it.o
                0x00000000000001f4                HardFault_Handler
 .text.TIM1_PWMOut_Init
                0x0000000000000204      0x174 ./User/main.o
                0x0000000000000204                TIM1_PWMOut_Init
 .text.TIM1_DMA_Init
                0x0000000000000378       0x90 ./User/main.o
                0x0000000000000378                TIM1_DMA_Init
 .text.DMA1_Channel5_IRQHandler
                0x0000000000000408       0x70 ./User/main.o
                0x0000000000000408                DMA1_Channel5_IRQHandler
 .text.TIM2_INT_Init
                0x0000000000000478       0x58 ./User/main.o
                0x0000000000000478                TIM2_INT_Init
 .text.TIM1_UP_IRQHandler
                0x00000000000004d0       0x24 ./User/main.o
                0x00000000000004d0                TIM1_UP_IRQHandler
 .text.TIM2_IRQHandler
                0x00000000000004f4       0x36 ./User/main.o
                0x00000000000004f4                TIM2_IRQHandler
 .text.init_SPWM
                0x000000000000052a       0x46 ./User/main.o
                0x000000000000052a                init_SPWM
 .text.rand8    0x0000000000000570       0x38 ./User/main.o
                0x0000000000000570                rand8
 .text.random_dot
                0x00000000000005a8       0x84 ./User/main.o
                0x00000000000005a8                random_dot
 .text.scan_hline
                0x000000000000062c       0x7c ./User/main.o
                0x000000000000062c                scan_hline
 .text.scan_vline
                0x00000000000006a8       0x7c ./User/main.o
                0x00000000000006a8                scan_vline
 .text.random_line
                0x0000000000000724       0xac ./User/main.o
                0x0000000000000724                random_line
 .text.center_rect
                0x00000000000007d0       0x9c ./User/main.o
                0x00000000000007d0                center_rect
 .text.random_rect
                0x000000000000086c       0x8c ./User/main.o
                0x000000000000086c                random_rect
 .text.fill_rect
                0x00000000000008f8       0x8c ./User/main.o
                0x00000000000008f8                fill_rect
 .text.move_rect
                0x0000000000000984       0xc8 ./User/main.o
                0x0000000000000984                move_rect
 .text.demo_LCD
                0x0000000000000a4c       0x18 ./User/main.o
                0x0000000000000a4c                demo_LCD
 .text.init_ADC
                0x0000000000000a64       0xc4 ./User/main.o
                0x0000000000000a64                init_ADC
 .text.DMA_Tx_Init
                0x0000000000000b28       0x62 ./User/main.o
                0x0000000000000b28                DMA_Tx_Init
 .text.init_DMA
                0x0000000000000b8a       0x58 ./User/main.o
                0x0000000000000b8a                init_DMA
 .text.disp_ADC
                0x0000000000000be2       0xe4 ./User/main.o
                0x0000000000000be2                disp_ADC
 .text.disp_TIM2
                0x0000000000000cc6       0x74 ./User/main.o
                0x0000000000000cc6                disp_TIM2
 .text.disp_MENU
                0x0000000000000d3a       0xca ./User/main.o
                0x0000000000000d3a                disp_MENU
 .text.startup.main
                0x0000000000000e04       0x88 ./User/main.o
                0x0000000000000e04                main
 .text.SPI_send_DMA
                0x0000000000000e8c       0x3e ./User/st7735.o
 .text.SPI_send
                0x0000000000000eca       0x12 ./User/st7735.o
 .text.write_command_8
                0x0000000000000edc       0x18 ./User/st7735.o
 .text.write_data_16
                0x0000000000000ef4       0x20 ./User/st7735.o
 .text.tft_set_window
                0x0000000000000f14       0x3c ./User/st7735.o
 .text._tft_draw_fast_h_line
                0x0000000000000f50       0x84 ./User/st7735.o
 .text._tft_draw_fast_v_line
                0x0000000000000fd4       0x84 ./User/st7735.o
 .text.tft_init
                0x0000000000001058      0x1b6 ./User/st7735.o
                0x0000000000001058                tft_init
 .text.tft_set_cursor
                0x000000000000120e        0xa ./User/st7735.o
                0x000000000000120e                tft_set_cursor
 .text.tft_set_color
                0x0000000000001218        0xa ./User/st7735.o
                0x0000000000001218                tft_set_color
 .text.tft_set_background_color
                0x0000000000001222        0x6 ./User/st7735.o
                0x0000000000001222                tft_set_background_color
 .text.tft_print_char
                0x0000000000001228       0xea ./User/st7735.o
                0x0000000000001228                tft_print_char
 .text.tft_print
                0x0000000000001312       0x20 ./User/st7735.o
                0x0000000000001312                tft_print
 .text.tft_draw_pixel
                0x0000000000001332       0x38 ./User/st7735.o
                0x0000000000001332                tft_draw_pixel
 .text.tft_fill_rect
                0x000000000000136a       0x92 ./User/st7735.o
                0x000000000000136a                tft_fill_rect
 .text.tft_draw_rect
                0x00000000000013fc       0x80 ./User/st7735.o
                0x00000000000013fc                tft_draw_rect
 .text.tft_draw_line
                0x000000000000147c      0x15a ./User/st7735.o
                0x000000000000147c                tft_draw_line
 .text.SystemInit
                0x00000000000015d6      0x134 ./User/system_ch32v00x.o
                0x00000000000015d6                SystemInit
 .text.SystemCoreClockUpdate
                0x000000000000170a       0x6c ./User/system_ch32v00x.o
                0x000000000000170a                SystemCoreClockUpdate
 .text.vector_handler
                0x0000000000001776        0x2 ./Startup/startup_ch32v00x.o
                0x0000000000001776                TIM1_CC_IRQHandler
                0x0000000000001776                SysTick_Handler
                0x0000000000001776                PVD_IRQHandler
                0x0000000000001776                SPI1_IRQHandler
                0x0000000000001776                AWU_IRQHandler
                0x0000000000001776                EXTI7_0_IRQHandler
                0x0000000000001776                DMA1_Channel4_IRQHandler
                0x0000000000001776                ADC1_IRQHandler
                0x0000000000001776                DMA1_Channel7_IRQHandler
                0x0000000000001776                I2C1_EV_IRQHandler
                0x0000000000001776                DMA1_Channel6_IRQHandler
                0x0000000000001776                RCC_IRQHandler
                0x0000000000001776                TIM1_TRG_COM_IRQHandler
                0x0000000000001776                DMA1_Channel1_IRQHandler
                0x0000000000001776                DMA1_Channel3_IRQHandler
                0x0000000000001776                WWDG_IRQHandler
                0x0000000000001776                SW_Handler
                0x0000000000001776                TIM1_BRK_IRQHandler
                0x0000000000001776                DMA1_Channel2_IRQHandler
                0x0000000000001776                FLASH_IRQHandler
                0x0000000000001776                USART1_IRQHandler
                0x0000000000001776                I2C1_ER_IRQHandler
 .text.handle_reset
                0x0000000000001778       0xb0 ./Startup/startup_ch32v00x.o
                0x0000000000001778                handle_reset
 .text.ADC_DeInit
                0x0000000000001828       0x26 ./Peripheral/src/ch32v00x_adc.o
                0x0000000000001828                ADC_DeInit
 .text.ADC_Init
                0x000000000000184e       0x4e ./Peripheral/src/ch32v00x_adc.o
                0x000000000000184e                ADC_Init
 .text.ADC_Cmd  0x000000000000189c       0x10 ./Peripheral/src/ch32v00x_adc.o
                0x000000000000189c                ADC_Cmd
 .text.ADC_DMACmd
                0x00000000000018ac       0x12 ./Peripheral/src/ch32v00x_adc.o
                0x00000000000018ac                ADC_DMACmd
 .text.ADC_ResetCalibration
                0x00000000000018be        0xa ./Peripheral/src/ch32v00x_adc.o
                0x00000000000018be                ADC_ResetCalibration
 .text.ADC_GetResetCalibrationStatus
                0x00000000000018c8        0x8 ./Peripheral/src/ch32v00x_adc.o
                0x00000000000018c8                ADC_GetResetCalibrationStatus
 .text.ADC_StartCalibration
                0x00000000000018d0        0xa ./Peripheral/src/ch32v00x_adc.o
                0x00000000000018d0                ADC_StartCalibration
 .text.ADC_GetCalibrationStatus
                0x00000000000018da        0x8 ./Peripheral/src/ch32v00x_adc.o
                0x00000000000018da                ADC_GetCalibrationStatus
 .text.ADC_SoftwareStartConvCmd
                0x00000000000018e2       0x18 ./Peripheral/src/ch32v00x_adc.o
                0x00000000000018e2                ADC_SoftwareStartConvCmd
 .text.ADC_RegularChannelConfig
                0x00000000000018fa       0xba ./Peripheral/src/ch32v00x_adc.o
                0x00000000000018fa                ADC_RegularChannelConfig
 .text.ADC_Calibration_Vol
                0x00000000000019b4       0x14 ./Peripheral/src/ch32v00x_adc.o
                0x00000000000019b4                ADC_Calibration_Vol
 .text.DMA_DeInit
                0x00000000000019c8       0x92 ./Peripheral/src/ch32v00x_dma.o
                0x00000000000019c8                DMA_DeInit
 .text.DMA_Init
                0x0000000000001a5a       0x38 ./Peripheral/src/ch32v00x_dma.o
                0x0000000000001a5a                DMA_Init
 .text.DMA_Cmd  0x0000000000001a92       0x14 ./Peripheral/src/ch32v00x_dma.o
                0x0000000000001a92                DMA_Cmd
 .text.DMA_ITConfig
                0x0000000000001aa6       0x12 ./Peripheral/src/ch32v00x_dma.o
                0x0000000000001aa6                DMA_ITConfig
 .text.DMA_GetFlagStatus
                0x0000000000001ab8        0xe ./Peripheral/src/ch32v00x_dma.o
                0x0000000000001ab8                DMA_GetFlagStatus
 .text.DMA_GetITStatus
                0x0000000000001ac6        0xa ./Peripheral/src/ch32v00x_dma.o
                0x0000000000001ac6                DMA_GetITStatus
 .text.DMA_ClearITPendingBit
                0x0000000000001ad0        0x8 ./Peripheral/src/ch32v00x_dma.o
                0x0000000000001ad0                DMA_ClearITPendingBit
 .text.GPIO_AFIODeInit
                0x0000000000001ad8       0x14 ./Peripheral/src/ch32v00x_gpio.o
                0x0000000000001ad8                GPIO_AFIODeInit
 .text.GPIO_Init
                0x0000000000001aec       0x7c ./Peripheral/src/ch32v00x_gpio.o
                0x0000000000001aec                GPIO_Init
 .text.GPIO_ReadOutputDataBit
                0x0000000000001b68        0xa ./Peripheral/src/ch32v00x_gpio.o
                0x0000000000001b68                GPIO_ReadOutputDataBit
 .text.GPIO_SetBits
                0x0000000000001b72        0x4 ./Peripheral/src/ch32v00x_gpio.o
                0x0000000000001b72                GPIO_SetBits
 .text.GPIO_ResetBits
                0x0000000000001b76        0x4 ./Peripheral/src/ch32v00x_gpio.o
                0x0000000000001b76                GPIO_ResetBits
 .text.NVIC_PriorityGroupConfig
                0x0000000000001b7a        0x6 ./Peripheral/src/ch32v00x_misc.o
                0x0000000000001b7a                NVIC_PriorityGroupConfig
 .text.NVIC_Init
                0x0000000000001b80       0x54 ./Peripheral/src/ch32v00x_misc.o
                0x0000000000001b80                NVIC_Init
 .text.RCC_AdjustHSICalibrationValue
                0x0000000000001bd4       0x12 ./Peripheral/src/ch32v00x_rcc.o
                0x0000000000001bd4                RCC_AdjustHSICalibrationValue
 .text.RCC_ADCCLKConfig
                0x0000000000001be6       0x14 ./Peripheral/src/ch32v00x_rcc.o
                0x0000000000001be6                RCC_ADCCLKConfig
 .text.RCC_GetClocksFreq
                0x0000000000001bfa       0xa2 ./Peripheral/src/ch32v00x_rcc.o
                0x0000000000001bfa                RCC_GetClocksFreq
 .text.RCC_AHBPeriphClockCmd
                0x0000000000001c9c       0x1e ./Peripheral/src/ch32v00x_rcc.o
                0x0000000000001c9c                RCC_AHBPeriphClockCmd
 .text.RCC_APB2PeriphClockCmd
                0x0000000000001cba       0x1e ./Peripheral/src/ch32v00x_rcc.o
                0x0000000000001cba                RCC_APB2PeriphClockCmd
 .text.RCC_APB1PeriphClockCmd
                0x0000000000001cd8       0x1e ./Peripheral/src/ch32v00x_rcc.o
                0x0000000000001cd8                RCC_APB1PeriphClockCmd
 .text.RCC_APB2PeriphResetCmd
                0x0000000000001cf6       0x1e ./Peripheral/src/ch32v00x_rcc.o
                0x0000000000001cf6                RCC_APB2PeriphResetCmd
 .text.RCC_APB1PeriphResetCmd
                0x0000000000001d14       0x1e ./Peripheral/src/ch32v00x_rcc.o
                0x0000000000001d14                RCC_APB1PeriphResetCmd
 .text.SPI_Init
                0x0000000000001d32       0x32 ./Peripheral/src/ch32v00x_spi.o
                0x0000000000001d32                SPI_Init
 .text.SPI_Cmd  0x0000000000001d64       0x1a ./Peripheral/src/ch32v00x_spi.o
                0x0000000000001d64                SPI_Cmd
 .text.SPI_I2S_DMACmd
                0x0000000000001d7e       0x12 ./Peripheral/src/ch32v00x_spi.o
                0x0000000000001d7e                SPI_I2S_DMACmd
 .text.TIM_DeInit
                0x0000000000001d90       0x3c ./Peripheral/src/ch32v00x_tim.o
                0x0000000000001d90                TIM_DeInit
 .text.TIM_TimeBaseInit
                0x0000000000001dcc       0x4e ./Peripheral/src/ch32v00x_tim.o
                0x0000000000001dcc                TIM_TimeBaseInit
 .text.TIM_OC1Init
                0x0000000000001e1a       0x6a ./Peripheral/src/ch32v00x_tim.o
                0x0000000000001e1a                TIM_OC1Init
 .text.TIM_OC2Init
                0x0000000000001e84       0x96 ./Peripheral/src/ch32v00x_tim.o
                0x0000000000001e84                TIM_OC2Init
 .text.TIM_BDTRConfig
                0x0000000000001f1a       0x20 ./Peripheral/src/ch32v00x_tim.o
                0x0000000000001f1a                TIM_BDTRConfig
 .text.TIM_Cmd  0x0000000000001f3a       0x18 ./Peripheral/src/ch32v00x_tim.o
                0x0000000000001f3a                TIM_Cmd
 .text.TIM_CtrlPWMOutputs
                0x0000000000001f52       0x16 ./Peripheral/src/ch32v00x_tim.o
                0x0000000000001f52                TIM_CtrlPWMOutputs
 .text.TIM_ITConfig
                0x0000000000001f68       0x12 ./Peripheral/src/ch32v00x_tim.o
                0x0000000000001f68                TIM_ITConfig
 .text.TIM_DMACmd
                0x0000000000001f7a        0xa ./Peripheral/src/ch32v00x_tim.o
                0x0000000000001f7a                TIM_DMACmd
 .text.TIM_ARRPreloadConfig
                0x0000000000001f84       0x1a ./Peripheral/src/ch32v00x_tim.o
                0x0000000000001f84                TIM_ARRPreloadConfig
 .text.TIM_OC1PreloadConfig
                0x0000000000001f9e        0xe ./Peripheral/src/ch32v00x_tim.o
                0x0000000000001f9e                TIM_OC1PreloadConfig
 .text.TIM_OC2PreloadConfig
                0x0000000000001fac       0x16 ./Peripheral/src/ch32v00x_tim.o
                0x0000000000001fac                TIM_OC2PreloadConfig
 .text.TIM_GetITStatus
                0x0000000000001fc2       0x18 ./Peripheral/src/ch32v00x_tim.o
                0x0000000000001fc2                TIM_GetITStatus
 .text.TIM_ClearITPendingBit
                0x0000000000001fda        0xc ./Peripheral/src/ch32v00x_tim.o
                0x0000000000001fda                TIM_ClearITPendingBit
 .text.USART_Init
                0x0000000000001fe6       0xce ./Peripheral/src/ch32v00x_usart.o
                0x0000000000001fe6                USART_Init
 .text.USART_Cmd
                0x00000000000020b4       0x16 ./Peripheral/src/ch32v00x_usart.o
                0x00000000000020b4                USART_Cmd
 .text.USART_SendData
                0x00000000000020ca        0x8 ./Peripheral/src/ch32v00x_usart.o
                0x00000000000020ca                USART_SendData
 .text.USART_GetFlagStatus
                0x00000000000020d2        0xa ./Peripheral/src/ch32v00x_usart.o
                0x00000000000020d2                USART_GetFlagStatus
 .text.Delay_Init
                0x00000000000020dc       0x34 ./Debug/debug.o
                0x00000000000020dc                Delay_Init
 .text.Delay_Ms
                0x0000000000002110       0x3a ./Debug/debug.o
                0x0000000000002110                Delay_Ms
 .text.USART_Printf_Init
                0x000000000000214a       0x5c ./Debug/debug.o
                0x000000000000214a                USART_Printf_Init
 .text._write   0x00000000000021a6       0x50 ./Debug/debug.o
                0x00000000000021a6                _write
 .text.printchar
                0x00000000000021f6       0x4a c:/mounriver/mounriver_studio2/resources/app/resources/win32/components/wch/toolchain/risc-v embedded gcc/bin/../lib/gcc/riscv-none-embed/8.2.0/../../../../riscv-none-embed/lib/rv32ecxw/ilp32e\libprintf.a(wchprintf.o)
                0x00000000000021f6                printchar
 .text.prints   0x0000000000002240       0xee c:/mounriver/mounriver_studio2/resources/app/resources/win32/components/wch/toolchain/risc-v embedded gcc/bin/../lib/gcc/riscv-none-embed/8.2.0/../../../../riscv-none-embed/lib/rv32ecxw/ilp32e\libprintf.a(wchprintf.o)
                0x0000000000002240                prints
 .text.printInt
                0x000000000000232e      0x11a c:/mounriver/mounriver_studio2/resources/app/resources/win32/components/wch/toolchain/risc-v embedded gcc/bin/../lib/gcc/riscv-none-embed/8.2.0/../../../../riscv-none-embed/lib/rv32ecxw/ilp32e\libprintf.a(wchprintf.o)
                0x000000000000232e                printInt
 .text.printLongLongInt
                0x0000000000002448        0x4 c:/mounriver/mounriver_studio2/resources/app/resources/win32/components/wch/toolchain/risc-v embedded gcc/bin/../lib/gcc/riscv-none-embed/8.2.0/../../../../riscv-none-embed/lib/rv32ecxw/ilp32e\libprintf.a(wchprintf.o)
                0x0000000000002448                printLongLongInt
 .text.printDouble
                0x000000000000244c        0x4 c:/mounriver/mounriver_studio2/resources/app/resources/win32/components/wch/toolchain/risc-v embedded gcc/bin/../lib/gcc/riscv-none-embed/8.2.0/../../../../riscv-none-embed/lib/rv32ecxw/ilp32e\libprintf.a(wchprintf.o)
                0x000000000000244c                printDouble
 .text.print    0x0000000000002450      0x360 c:/mounriver/mounriver_studio2/resources/app/resources/win32/components/wch/toolchain/risc-v embedded gcc/bin/../lib/gcc/riscv-none-embed/8.2.0/../../../../riscv-none-embed/lib/rv32ecxw/ilp32e\libprintf.a(wchprintf.o)
                0x0000000000002450                print
 .text.sprintf  0x00000000000027b0       0x28 c:/mounriver/mounriver_studio2/resources/app/resources/win32/components/wch/toolchain/risc-v embedded gcc/bin/../lib/gcc/riscv-none-embed/8.2.0/../../../../riscv-none-embed/lib/rv32ecxw/ilp32e\libprintf.a(wchprintf.o)
                0x00000000000027b0                sprintf
 .text.memcpy   0x00000000000027d8       0xd2 c:/mounriver/mounriver_studio2/resources/app/resources/win32/components/wch/toolchain/risc-v embedded gcc/bin/../lib/gcc/riscv-none-embed/8.2.0/../../../../riscv-none-embed/lib/rv32ecxw/ilp32e\libg_nano.a(lib_a-memcpy.o)
                0x00000000000027d8                memcpy
 *(.rodata)
 *fill*         0x00000000000028aa        0x2 
 .rodata        0x00000000000028ac       0x20 ./User/st7735.o
 *(.rodata*)
 .rodata.disp_ADC.str1.4
                0x00000000000028cc       0x13 ./User/main.o
 *fill*         0x00000000000028df        0x1 
 .rodata.disp_MENU.str1.4
                0x00000000000028e0       0xaa ./User/main.o
 *fill*         0x000000000000298a        0x2 
 .rodata.disp_TIM2.str1.4
                0x000000000000298c        0xf ./User/main.o
 *fill*         0x000000000000299b        0x1 
 .rodata.font   0x000000000000299c      0x500 ./User/st7735.o
 .rodata.print.str1.4
                0x0000000000002e9c        0x8 c:/mounriver/mounriver_studio2/resources/app/resources/win32/components/wch/toolchain/risc-v embedded gcc/bin/../lib/gcc/riscv-none-embed/8.2.0/../../../../riscv-none-embed/lib/rv32ecxw/ilp32e\libprintf.a(wchprintf.o)
                                          0x7 (size before relaxing)
 *(.gnu.linkonce.t.*)
                0x0000000000002ea4                . = ALIGN (0x4)

.rela.dyn       0x0000000000002ea4        0x0
 .rela.init     0x0000000000002ea4        0x0 ./User/ch32v00x_it.o
 .rela.text.handle_reset
                0x0000000000002ea4        0x0 ./User/ch32v00x_it.o
 .rela.text.prints
                0x0000000000002ea4        0x0 ./User/ch32v00x_it.o
 .rela.text.printInt
                0x0000000000002ea4        0x0 ./User/ch32v00x_it.o
 .rela.text.print
                0x0000000000002ea4        0x0 ./User/ch32v00x_it.o
 .rela.text.sprintf
                0x0000000000002ea4        0x0 ./User/ch32v00x_it.o

.fini           0x0000000000002ea4        0x0
 *(SORT_NONE(.fini))
                0x0000000000002ea4                . = ALIGN (0x4)
                [!provide]                        PROVIDE (_etext = .)
                [!provide]                        PROVIDE (_eitcm = .)

.preinit_array  0x0000000000002ea4        0x0
                [!provide]                        PROVIDE (__preinit_array_start = .)
 *(.preinit_array)
                [!provide]                        PROVIDE (__preinit_array_end = .)

.init_array     0x0000000000002ea4        0x0
                [!provide]                        PROVIDE (__init_array_start = .)
 *(SORT_BY_INIT_PRIORITY(.init_array.*) SORT_BY_INIT_PRIORITY(.ctors.*))
 *(.init_array EXCLUDE_FILE(*crtend?.o *crtend.o *crtbegin?.o *crtbegin.o) .ctors)
                [!provide]                        PROVIDE (__init_array_end = .)

.fini_array     0x0000000000002ea4        0x0
                [!provide]                        PROVIDE (__fini_array_start = .)
 *(SORT_BY_INIT_PRIORITY(.fini_array.*) SORT_BY_INIT_PRIORITY(.dtors.*))
 *(.fini_array EXCLUDE_FILE(*crtend?.o *crtend.o *crtbegin?.o *crtbegin.o) .dtors)
                [!provide]                        PROVIDE (__fini_array_end = .)

.ctors
 *crtbegin.o(.ctors)
 *crtbegin?.o(.ctors)
 *(EXCLUDE_FILE(*crtend?.o *crtend.o) .ctors)
 *(SORT_BY_NAME(.ctors.*))
 *(.ctors)

.dtors
 *crtbegin.o(.dtors)
 *crtbegin?.o(.dtors)
 *(EXCLUDE_FILE(*crtend?.o *crtend.o) .dtors)
 *(SORT_BY_NAME(.dtors.*))
 *(.dtors)

.dalign         0x0000000020000000        0x0 load address 0x0000000000002ea4
                0x0000000020000000                . = ALIGN (0x4)
                0x0000000020000000                PROVIDE (_data_vma = .)

.dlalign        0x0000000000002ea4        0x0
                0x0000000000002ea4                . = ALIGN (0x4)
                0x0000000000002ea4                PROVIDE (_data_lma = .)

.data           0x0000000020000000       0xe8 load address 0x0000000000002ea4
                0x0000000020000000                . = ALIGN (0x4)
 *(.gnu.linkonce.r.*)
 *(.data .data.*)
 .data.colors   0x0000000020000000       0x26 ./User/main.o
                0x0000000020000000                colors
 *fill*         0x0000000020000026        0x2 
 .data.lfsr     0x0000000020000028        0x4 ./User/main.o
                0x0000000020000028                lfsr
 .data.sine_fdb
                0x000000002000002c       0x7c ./User/main.o
                0x000000002000002c                sine_fdb
 .data._color   0x00000000200000a8        0x2 ./User/st7735.o
 *fill*         0x00000000200000aa        0x2 
 .data.AHBPrescTable
                0x00000000200000ac       0x10 ./User/system_ch32v00x.o
                0x00000000200000ac                AHBPrescTable
 .data.SystemCoreClock
                0x00000000200000bc        0x4 ./User/system_ch32v00x.o
                0x00000000200000bc                SystemCoreClock
 .data.ADCPrescTable
                0x00000000200000c0       0x14 ./Peripheral/src/ch32v00x_rcc.o
 .data.APBAHBPrescTable
                0x00000000200000d4       0x10 ./Peripheral/src/ch32v00x_rcc.o
 *(.gnu.linkonce.d.*)
                0x00000000200000e8                . = ALIGN (0x8)
 *fill*         0x00000000200000e4        0x4 
                0x00000000200008e8                PROVIDE (__global_pointer$ = (. + 0x800))
 *(.sdata .sdata.*)
 *(.sdata2*)
 *(.gnu.linkonce.s.*)
                0x00000000200000e8                . = ALIGN (0x8)
 *(.srodata.cst16)
 *(.srodata.cst8)
 *(.srodata.cst4)
 *(.srodata.cst2)
 *(.srodata .srodata.*)
                0x00000000200000e8                . = ALIGN (0x4)
                0x00000000200000e8                PROVIDE (_edata = .)

.bss            0x00000000200000e8      0x144 load address 0x0000000000002f8c
                0x00000000200000e8                . = ALIGN (0x4)
                0x00000000200000e8                PROVIDE (_sbss = .)
 *(.sbss*)
 *(.gnu.linkonce.sb.*)
 *(.bss*)
 .bss.adc_BUF   0x00000000200000e8       0x16 ./User/main.o
                0x00000000200000e8                adc_BUF
 *fill*         0x00000000200000fe        0x2 
 .bss.adc_val   0x0000000020000100        0x4 ./User/main.o
                0x0000000020000100                adc_val
 .bss.dec_str   0x0000000020000104        0x9 ./User/main.o
                0x0000000020000104                dec_str
 *fill*         0x000000002000010d        0x3 
 .bss.frame     0x0000000020000110        0x4 ./User/main.o
                0x0000000020000110                frame
 .bss.mv_val    0x0000000020000114        0x4 ./User/main.o
                0x0000000020000114                mv_val
 .bss.timer2_cnt
                0x0000000020000118        0x4 ./User/main.o
                0x0000000020000118                timer2_cnt
 .bss.timer2_flag
                0x000000002000011c        0x1 ./User/main.o
                0x000000002000011c                timer2_flag
 *fill*         0x000000002000011d        0x1 
 .bss._bg_color
                0x000000002000011e        0x2 ./User/st7735.o
 .bss._buffer   0x0000000020000120      0x100 ./User/st7735.o
 .bss._cursor_x
                0x0000000020000220        0x2 ./User/st7735.o
 .bss._cursor_y
                0x0000000020000222        0x2 ./User/st7735.o
 .bss.NVIC_Priority_Group
                0x0000000020000224        0x4 ./Peripheral/src/ch32v00x_misc.o
                0x0000000020000224                NVIC_Priority_Group
 .bss.p_ms      0x0000000020000228        0x2 ./Debug/debug.o
 .bss.p_us      0x000000002000022a        0x1 ./Debug/debug.o
 *(.gnu.linkonce.b.*)
 *(COMMON*)
                0x000000002000022c                . = ALIGN (0x4)
 *fill*         0x000000002000022b        0x1 
                0x000000002000022c                PROVIDE (_ebss = .)
                0x000000002000022c                PROVIDE (_end = _ebss)
                [!provide]                        PROVIDE (end = .)

.stack          0x0000000020000700      0x100
                0x0000000020000700                PROVIDE (_heap_end = .)
                0x0000000020000700                . = ALIGN (0x4)
                [!provide]                        PROVIDE (_susrstack = .)
                0x0000000020000800                . = (. + __stack_size)
 *fill*         0x0000000020000700      0x100 
                0x0000000020000800                PROVIDE (_eusrstack = .)
OUTPUT(TIM_DMA.elf elf32-littleriscv)

.debug_info     0x0000000000000000    0x11154
 .debug_info    0x0000000000000000      0xbc0 ./User/ch32v00x_it.o
 .debug_info    0x0000000000000bc0     0x2b7a ./User/main.o
 .debug_info    0x000000000000373a     0x202e ./User/st7735.o
 .debug_info    0x0000000000005768      0xc94 ./User/system_ch32v00x.o
 .debug_info    0x00000000000063fc       0x22 ./Startup/startup_ch32v00x.o
 .debug_info    0x000000000000641e     0x1526 ./Peripheral/src/ch32v00x_adc.o
 .debug_info    0x0000000000007944      0xd17 ./Peripheral/src/ch32v00x_dma.o
 .debug_info    0x000000000000865b     0x1034 ./Peripheral/src/ch32v00x_gpio.o
 .debug_info    0x000000000000968f      0xdca ./Peripheral/src/ch32v00x_misc.o
 .debug_info    0x000000000000a459     0x108c ./Peripheral/src/ch32v00x_rcc.o
 .debug_info    0x000000000000b4e5     0x1068 ./Peripheral/src/ch32v00x_spi.o
 .debug_info    0x000000000000c54d     0x297f ./Peripheral/src/ch32v00x_tim.o
 .debug_info    0x000000000000eecc     0x1351 ./Peripheral/src/ch32v00x_usart.o
 .debug_info    0x000000000001021d      0xf37 ./Debug/debug.o

.debug_abbrev   0x0000000000000000     0x2a60
 .debug_abbrev  0x0000000000000000      0x22c ./User/ch32v00x_it.o
 .debug_abbrev  0x000000000000022c      0x3ca ./User/main.o
 .debug_abbrev  0x00000000000005f6      0x4a8 ./User/st7735.o
 .debug_abbrev  0x0000000000000a9e      0x2ee ./User/system_ch32v00x.o
 .debug_abbrev  0x0000000000000d8c       0x12 ./Startup/startup_ch32v00x.o
 .debug_abbrev  0x0000000000000d9e      0x307 ./Peripheral/src/ch32v00x_adc.o
 .debug_abbrev  0x00000000000010a5      0x302 ./Peripheral/src/ch32v00x_dma.o
 .debug_abbrev  0x00000000000013a7      0x309 ./Peripheral/src/ch32v00x_gpio.o
 .debug_abbrev  0x00000000000016b0      0x2ea ./Peripheral/src/ch32v00x_misc.o
 .debug_abbrev  0x000000000000199a      0x389 ./Peripheral/src/ch32v00x_rcc.o
 .debug_abbrev  0x0000000000001d23      0x303 ./Peripheral/src/ch32v00x_spi.o
 .debug_abbrev  0x0000000000002026      0x408 ./Peripheral/src/ch32v00x_tim.o
 .debug_abbrev  0x000000000000242e      0x323 ./Peripheral/src/ch32v00x_usart.o
 .debug_abbrev  0x0000000000002751      0x30f ./Debug/debug.o

.debug_aranges  0x0000000000000000      0xa28
 .debug_aranges
                0x0000000000000000       0x28 ./User/ch32v00x_it.o
 .debug_aranges
                0x0000000000000028       0xe0 ./User/main.o
 .debug_aranges
                0x0000000000000108       0xb0 ./User/st7735.o
 .debug_aranges
                0x00000000000001b8       0x28 ./User/system_ch32v00x.o
 .debug_aranges
                0x00000000000001e0       0x30 ./Startup/startup_ch32v00x.o
 .debug_aranges
                0x0000000000000210      0x138 ./Peripheral/src/ch32v00x_adc.o
 .debug_aranges
                0x0000000000000348       0x60 ./Peripheral/src/ch32v00x_dma.o
 .debug_aranges
                0x00000000000003a8       0x98 ./Peripheral/src/ch32v00x_gpio.o
 .debug_aranges
                0x0000000000000440       0x28 ./Peripheral/src/ch32v00x_misc.o
 .debug_aranges
                0x0000000000000468       0xe0 ./Peripheral/src/ch32v00x_rcc.o
 .debug_aranges
                0x0000000000000548       0xb8 ./Peripheral/src/ch32v00x_spi.o
 .debug_aranges
                0x0000000000000600      0x2d8 ./Peripheral/src/ch32v00x_tim.o
 .debug_aranges
                0x00000000000008d8      0x100 ./Peripheral/src/ch32v00x_usart.o
 .debug_aranges
                0x00000000000009d8       0x50 ./Debug/debug.o

.debug_ranges   0x0000000000000000      0xb00
 .debug_ranges  0x0000000000000000       0x18 ./User/ch32v00x_it.o
 .debug_ranges  0x0000000000000018      0x118 ./User/main.o
 .debug_ranges  0x0000000000000130      0x170 ./User/st7735.o
 .debug_ranges  0x00000000000002a0       0x50 ./User/system_ch32v00x.o
 .debug_ranges  0x00000000000002f0       0x28 ./Startup/startup_ch32v00x.o
 .debug_ranges  0x0000000000000318      0x128 ./Peripheral/src/ch32v00x_adc.o
 .debug_ranges  0x0000000000000440       0x50 ./Peripheral/src/ch32v00x_dma.o
 .debug_ranges  0x0000000000000490       0x88 ./Peripheral/src/ch32v00x_gpio.o
 .debug_ranges  0x0000000000000518       0x48 ./Peripheral/src/ch32v00x_misc.o
 .debug_ranges  0x0000000000000560       0xd0 ./Peripheral/src/ch32v00x_rcc.o
 .debug_ranges  0x0000000000000630       0xa8 ./Peripheral/src/ch32v00x_spi.o
 .debug_ranges  0x00000000000006d8      0x2f8 ./Peripheral/src/ch32v00x_tim.o
 .debug_ranges  0x00000000000009d0       0xf0 ./Peripheral/src/ch32v00x_usart.o
 .debug_ranges  0x0000000000000ac0       0x40 ./Debug/debug.o

.debug_line     0x0000000000000000     0xc756
 .debug_line    0x0000000000000000      0x30a ./User/ch32v00x_it.o
 .debug_line    0x000000000000030a     0x1ac8 ./User/main.o
 .debug_line    0x0000000000001dd2     0x139c ./User/st7735.o
 .debug_line    0x000000000000316e      0x72b ./User/system_ch32v00x.o
 .debug_line    0x0000000000003899      0x148 ./Startup/startup_ch32v00x.o
 .debug_line    0x00000000000039e1     0x1497 ./Peripheral/src/ch32v00x_adc.o
 .debug_line    0x0000000000004e78      0x7f2 ./Peripheral/src/ch32v00x_dma.o
 .debug_line    0x000000000000566a      0xc52 ./Peripheral/src/ch32v00x_gpio.o
 .debug_line    0x00000000000062bc      0x432 ./Peripheral/src/ch32v00x_misc.o
 .debug_line    0x00000000000066ee      0xe59 ./Peripheral/src/ch32v00x_rcc.o
 .debug_line    0x0000000000007547      0xa2c ./Peripheral/src/ch32v00x_spi.o
 .debug_line    0x0000000000007f73     0x30b4 ./Peripheral/src/ch32v00x_tim.o
 .debug_line    0x000000000000b027      0xf63 ./Peripheral/src/ch32v00x_usart.o
 .debug_line    0x000000000000bf8a      0x7cc ./Debug/debug.o

.debug_str      0x0000000000000000     0x2efe
 .debug_str     0x0000000000000000      0x60e ./User/ch32v00x_it.o
                                        0x682 (size before relaxing)
 .debug_str     0x000000000000060e      0xd84 ./User/main.o
                                       0x13a4 (size before relaxing)
 .debug_str     0x0000000000001392      0x2af ./User/st7735.o
                                        0xb7a (size before relaxing)
 .debug_str     0x0000000000001641       0xcd ./User/system_ch32v00x.o
                                        0x745 (size before relaxing)
 .debug_str     0x000000000000170e       0x2a ./Startup/startup_ch32v00x.o
                                         0x51 (size before relaxing)
 .debug_str     0x0000000000001738      0x393 ./Peripheral/src/ch32v00x_adc.o
                                        0xb87 (size before relaxing)
 .debug_str     0x0000000000001acb       0xbf ./Peripheral/src/ch32v00x_dma.o
                                        0x7f0 (size before relaxing)
 .debug_str     0x0000000000001b8a      0x182 ./Peripheral/src/ch32v00x_gpio.o
                                        0x940 (size before relaxing)
 .debug_str     0x0000000000001d0c       0x8c ./Peripheral/src/ch32v00x_misc.o
                                        0x908 (size before relaxing)
 .debug_str     0x0000000000001d98      0x289 ./Peripheral/src/ch32v00x_rcc.o
                                        0x9ae (size before relaxing)
 .debug_str     0x0000000000002021      0x1c7 ./Peripheral/src/ch32v00x_spi.o
                                        0x936 (size before relaxing)
 .debug_str     0x00000000000021e8      0x87d ./Peripheral/src/ch32v00x_tim.o
                                       0x1268 (size before relaxing)
 .debug_str     0x0000000000002a65      0x409 ./Peripheral/src/ch32v00x_usart.o
                                        0xafd (size before relaxing)
 .debug_str     0x0000000000002e6e       0x90 ./Debug/debug.o
                                        0x8fe (size before relaxing)

.comment        0x0000000000000000       0x33
 .comment       0x0000000000000000       0x33 ./User/ch32v00x_it.o
                                         0x34 (size before relaxing)
 .comment       0x0000000000000033       0x34 ./User/main.o
 .comment       0x0000000000000033       0x34 ./User/st7735.o
 .comment       0x0000000000000033       0x34 ./User/system_ch32v00x.o
 .comment       0x0000000000000033       0x34 ./Peripheral/src/ch32v00x_adc.o
 .comment       0x0000000000000033       0x34 ./Peripheral/src/ch32v00x_dma.o
 .comment       0x0000000000000033       0x34 ./Peripheral/src/ch32v00x_gpio.o
 .comment       0x0000000000000033       0x34 ./Peripheral/src/ch32v00x_misc.o
 .comment       0x0000000000000033       0x34 ./Peripheral/src/ch32v00x_rcc.o
 .comment       0x0000000000000033       0x34 ./Peripheral/src/ch32v00x_spi.o
 .comment       0x0000000000000033       0x34 ./Peripheral/src/ch32v00x_tim.o
 .comment       0x0000000000000033       0x34 ./Peripheral/src/ch32v00x_usart.o
 .comment       0x0000000000000033       0x34 ./Debug/debug.o
 .comment       0x0000000000000033       0x34 c:/mounriver/mounriver_studio2/resources/app/resources/win32/components/wch/toolchain/risc-v embedded gcc/bin/../lib/gcc/riscv-none-embed/8.2.0/../../../../riscv-none-embed/lib/rv32ecxw/ilp32e\libprintf.a(wchprintf.o)

.debug_frame    0x0000000000000000     0x17a8
 .debug_frame   0x0000000000000000       0x30 ./User/ch32v00x_it.o
 .debug_frame   0x0000000000000030      0x378 ./User/main.o
 .debug_frame   0x00000000000003a8      0x270 ./User/st7735.o
 .debug_frame   0x0000000000000618       0x58 ./User/system_ch32v00x.o
 .debug_frame   0x0000000000000670      0x26c ./Peripheral/src/ch32v00x_adc.o
 .debug_frame   0x00000000000008dc       0xcc ./Peripheral/src/ch32v00x_dma.o
 .debug_frame   0x00000000000009a8      0x154 ./Peripheral/src/ch32v00x_gpio.o
 .debug_frame   0x0000000000000afc       0x30 ./Peripheral/src/ch32v00x_misc.o
 .debug_frame   0x0000000000000b2c      0x1dc ./Peripheral/src/ch32v00x_rcc.o
 .debug_frame   0x0000000000000d08      0x15c ./Peripheral/src/ch32v00x_spi.o
 .debug_frame   0x0000000000000e64      0x624 ./Peripheral/src/ch32v00x_tim.o
 .debug_frame   0x0000000000001488      0x204 ./Peripheral/src/ch32v00x_usart.o
 .debug_frame   0x000000000000168c       0xe4 ./Debug/debug.o
 .debug_frame   0x0000000000001770       0x38 c:/mounriver/mounriver_studio2/resources/app/resources/win32/components/wch/toolchain/risc-v embedded gcc/bin/../lib/gcc/riscv-none-embed/8.2.0/../../../../riscv-none-embed/lib/rv32ecxw/ilp32e\libg_nano.a(lib_a-memcpy.o)

.debug_loc      0x0000000000000000     0x4eb7
 .debug_loc     0x0000000000000000      0x3bf ./User/main.o
 .debug_loc     0x00000000000003bf      0xd3d ./User/st7735.o
 .debug_loc     0x00000000000010fc       0x55 ./User/system_ch32v00x.o
 .debug_loc     0x0000000000001151      0x9fa ./Peripheral/src/ch32v00x_adc.o
 .debug_loc     0x0000000000001b4b      0x14a ./Peripheral/src/ch32v00x_dma.o
 .debug_loc     0x0000000000001c95      0x5e2 ./Peripheral/src/ch32v00x_gpio.o
 .debug_loc     0x0000000000002277       0x2d ./Peripheral/src/ch32v00x_misc.o
 .debug_loc     0x00000000000022a4      0x5e3 ./Peripheral/src/ch32v00x_rcc.o
 .debug_loc     0x0000000000002887      0x429 ./Peripheral/src/ch32v00x_spi.o
 .debug_loc     0x0000000000002cb0     0x1936 ./Peripheral/src/ch32v00x_tim.o
 .debug_loc     0x00000000000045e6      0x735 ./Peripheral/src/ch32v00x_usart.o
 .debug_loc     0x0000000000004d1b      0x19c ./Debug/debug.o
